Archive member included because of file (symbol)

c:/users/cliff/appdata/local/arduino15/packages/arduino/tools/arm-none-eabi-gcc/4.8.3-2014q1/bin/../lib/gcc/arm-none-eabi/4.8.3/../../../../arm-none-eabi/lib/armv6-m\libm.a(lib_a-s_floor.o)
                              c:\CA-Software\Open Source Projects\OpenBionics Hand\FingerLib\examples\build\libraries\Adafruit_Motor_Shield_V2_Library\utility\Adafruit_MS_PWMServoDriver.cpp.o (floor)
c:\CA-Software\Open Source Projects\OpenBionics Hand\FingerLib\examples\build/core\core.a(Print.cpp.o)
                              c:\CA-Software\Open Source Projects\OpenBionics Hand\FingerLib\examples\build\libraries\Wire\Wire.cpp.o (Print::write(unsigned char const*, unsigned int))
c:\CA-Software\Open Source Projects\OpenBionics Hand\FingerLib\examples\build/core\core.a(SERCOM.cpp.o)
                              c:\CA-Software\Open Source Projects\OpenBionics Hand\FingerLib\examples\build\core\variant.cpp.o (SERCOM::SERCOM(Sercom*))
c:\CA-Software\Open Source Projects\OpenBionics Hand\FingerLib\examples\build/core\core.a(CDC.cpp.o)
                              c:\CA-Software\Open Source Projects\OpenBionics Hand\FingerLib\examples\build\sketch\MultipleFingers.ino.cpp.o (Serial_::begin(unsigned long))
c:\CA-Software\Open Source Projects\OpenBionics Hand\FingerLib\examples\build/core\core.a(USBCore.cpp.o)
                              c:\CA-Software\Open Source Projects\OpenBionics Hand\FingerLib\examples\build/core\core.a(CDC.cpp.o) (USBDeviceClass::available(unsigned long))
c:\CA-Software\Open Source Projects\OpenBionics Hand\FingerLib\examples\build/core\core.a(Uart.cpp.o)
                              c:\CA-Software\Open Source Projects\OpenBionics Hand\FingerLib\examples\build\core\variant.cpp.o (Uart::Uart(SERCOM*, unsigned char, unsigned char, SercomRXPad, SercomUartTXPad))
c:\CA-Software\Open Source Projects\OpenBionics Hand\FingerLib\examples\build/core\core.a(abi.cpp.o)
                              c:\CA-Software\Open Source Projects\OpenBionics Hand\FingerLib\examples\build\libraries\Wire\Wire.cpp.o (__cxa_pure_virtual)
c:\CA-Software\Open Source Projects\OpenBionics Hand\FingerLib\examples\build/core\core.a(cortex_handlers.c.o)
                              (Reset_Handler)
c:\CA-Software\Open Source Projects\OpenBionics Hand\FingerLib\examples\build/core\core.a(delay.c.o)
                              c:\CA-Software\Open Source Projects\OpenBionics Hand\FingerLib\examples\build\libraries\FingerLib\timers\timer_and_delay.cpp.o (millis)
c:\CA-Software\Open Source Projects\OpenBionics Hand\FingerLib\examples\build/core\core.a(hooks.c.o)
                              c:\CA-Software\Open Source Projects\OpenBionics Hand\FingerLib\examples\build/core\core.a(delay.c.o) (yield)
c:\CA-Software\Open Source Projects\OpenBionics Hand\FingerLib\examples\build/core\core.a(main.cpp.o)
                              c:/users/cliff/appdata/local/arduino15/packages/arduino/tools/arm-none-eabi-gcc/4.8.3-2014q1/bin/../lib/gcc/arm-none-eabi/4.8.3/../../../../arm-none-eabi/lib/armv6-m/crt0.o (main)
c:\CA-Software\Open Source Projects\OpenBionics Hand\FingerLib\examples\build/core\core.a(new.cpp.o)
                              c:\CA-Software\Open Source Projects\OpenBionics Hand\FingerLib\examples\build/core\core.a(USBCore.cpp.o) (operator new(unsigned int))
c:\CA-Software\Open Source Projects\OpenBionics Hand\FingerLib\examples\build/core\core.a(startup.c.o)
                              c:\CA-Software\Open Source Projects\OpenBionics Hand\FingerLib\examples\build/core\core.a(cortex_handlers.c.o) (SystemInit)
c:\CA-Software\Open Source Projects\OpenBionics Hand\FingerLib\examples\build/core\core.a(wiring.c.o)
                              c:\CA-Software\Open Source Projects\OpenBionics Hand\FingerLib\examples\build/core\core.a(main.cpp.o) (init)
c:\CA-Software\Open Source Projects\OpenBionics Hand\FingerLib\examples\build/core\core.a(wiring_analog.c.o)
                              c:\CA-Software\Open Source Projects\OpenBionics Hand\FingerLib\examples\build/core\core.a(wiring.c.o) (analogReference)
c:\CA-Software\Open Source Projects\OpenBionics Hand\FingerLib\examples\build/core\core.a(wiring_digital.c.o)
                              c:\CA-Software\Open Source Projects\OpenBionics Hand\FingerLib\examples\build\libraries\FingerLib\FingerLib.cpp.o (pinMode)
c:\CA-Software\Open Source Projects\OpenBionics Hand\FingerLib\examples\build/core\core.a(wiring_private.c.o)
                              c:\CA-Software\Open Source Projects\OpenBionics Hand\FingerLib\examples\build\libraries\FingerLib\current_sense\samd_CurrentSense.cpp.o (pinPeripheral)
c:\CA-Software\Open Source Projects\OpenBionics Hand\FingerLib\examples\build/core\core.a(Reset.cpp.o)
                              c:\CA-Software\Open Source Projects\OpenBionics Hand\FingerLib\examples\build/core\core.a(CDC.cpp.o) (initiateReset)
[...]
Memory Configuration

Name             Origin             Length             Attributes
FLASH            0x00002000         0x0003e000         xr
RAM              0x20000000         0x00008000         xrw
*default*        0x00000000         0xffffffff

Linker script and memory map

LOAD c:/users/cliff/appdata/local/arduino15/packages/arduino/tools/arm-none-eabi-gcc/4.8.3-2014q1/bin/../lib/gcc/arm-none-eabi/4.8.3/armv6-m/crti.o
LOAD c:/users/cliff/appdata/local/arduino15/packages/arduino/tools/arm-none-eabi-gcc/4.8.3-2014q1/bin/../lib/gcc/arm-none-eabi/4.8.3/armv6-m/crtbegin.o
LOAD c:/users/cliff/appdata/local/arduino15/packages/arduino/tools/arm-none-eabi-gcc/4.8.3-2014q1/bin/../lib/gcc/arm-none-eabi/4.8.3/../../../../arm-none-eabi/lib/armv6-m/crt0.o
LOAD c:\CA-Software\Open Source Projects\OpenBionics Hand\FingerLib\examples\build\sketch\MultipleFingers.ino.cpp.o
LOAD c:\CA-Software\Open Source Projects\OpenBionics Hand\FingerLib\examples\build\libraries\FingerLib\FingerLib.cpp.o
LOAD c:\CA-Software\Open Source Projects\OpenBionics Hand\FingerLib\examples\build\libraries\FingerLib\current_sense\samd_CurrentSense.cpp.o
LOAD c:\CA-Software\Open Source Projects\OpenBionics Hand\FingerLib\examples\build\libraries\FingerLib\pid\pid_controller.cpp.o
LOAD c:\CA-Software\Open Source Projects\OpenBionics Hand\FingerLib\examples\build\libraries\FingerLib\timers\avr_FingerTimer.cpp.o
LOAD c:\CA-Software\Open Source Projects\OpenBionics Hand\FingerLib\examples\build\libraries\FingerLib\timers\samd_FingerTimer.cpp.o
LOAD c:\CA-Software\Open Source Projects\OpenBionics Hand\FingerLib\examples\build\libraries\FingerLib\timers\timer_and_delay.cpp.o
LOAD c:\CA-Software\Open Source Projects\OpenBionics Hand\FingerLib\examples\build\libraries\Wire\Wire.cpp.o
LOAD c:\CA-Software\Open Source Projects\OpenBionics Hand\FingerLib\examples\build\libraries\Adafruit_Motor_Shield_V2_Library\Adafruit_MotorShield.cpp.o
LOAD c:\CA-Software\Open Source Projects\OpenBionics Hand\FingerLib\examples\build\libraries\Adafruit_Motor_Shield_V2_Library\utility\Adafruit_MS_PWMServoDriver.cpp.o
LOAD c:\CA-Software\Open Source Projects\OpenBionics Hand\FingerLib\examples\build\core\variant.cpp.o
START GROUP
LOAD C:\Users\cliff\AppData\Local\Arduino15\packages\arduino\tools\CMSIS\4.5.0/CMSIS/Lib/GCC/\libarm_cortexM0l_math.a
LOAD c:/users/cliff/appdata/local/arduino15/packages/arduino/tools/arm-none-eabi-gcc/4.8.3-2014q1/bin/../lib/gcc/arm-none-eabi/4.8.3/../../../../arm-none-eabi/lib/armv6-m\libm.a
LOAD c:\CA-Software\Open Source Projects\OpenBionics Hand\FingerLib\examples\build/core\core.a
END GROUP
START GROUP
LOAD c:/users/cliff/appdata/local/arduino15/packages/arduino/tools/arm-none-eabi-gcc/4.8.3-2014q1/bin/../lib/gcc/arm-none-eabi/4.8.3/armv6-m\libgcc.a
LOAD c:/users/cliff/appdata/local/arduino15/packages/arduino/tools/arm-none-eabi-gcc/4.8.3-2014q1/bin/../lib/gcc/arm-none-eabi/4.8.3/../../../../arm-none-eabi/lib/armv6-m\libc_s.a
END GROUP
START GROUP
LOAD c:/users/cliff/appdata/local/arduino15/packages/arduino/tools/arm-none-eabi-gcc/4.8.3-2014q1/bin/../lib/gcc/arm-none-eabi/4.8.3/armv6-m\libgcc.a
LOAD c:/users/cliff/appdata/local/arduino15/packages/arduino/tools/arm-none-eabi-gcc/4.8.3-2014q1/bin/../lib/gcc/arm-none-eabi/4.8.3/../../../../arm-none-eabi/lib/armv6-m\libc_s.a
LOAD c:/users/cliff/appdata/local/arduino15/packages/arduino/tools/arm-none-eabi-gcc/4.8.3-2014q1/bin/../lib/gcc/arm-none-eabi/4.8.3/../../../../arm-none-eabi/lib/armv6-m\libnosys.a
END GROUP
START GROUP
LOAD c:/users/cliff/appdata/local/arduino15/packages/arduino/tools/arm-none-eabi-gcc/4.8.3-2014q1/bin/../lib/gcc/arm-none-eabi/4.8.3/armv6-m\libgcc.a
LOAD c:/users/cliff/appdata/local/arduino15/packages/arduino/tools/arm-none-eabi-gcc/4.8.3-2014q1/bin/../lib/gcc/arm-none-eabi/4.8.3/../../../../arm-none-eabi/lib/armv6-m\libc_s.a
LOAD c:/users/cliff/appdata/local/arduino15/packages/arduino/tools/arm-none-eabi-gcc/4.8.3-2014q1/bin/../lib/gcc/arm-none-eabi/4.8.3/../../../../arm-none-eabi/lib/armv6-m\libnosys.a
END GROUP
LOAD c:/users/cliff/appdata/local/arduino15/packages/arduino/tools/arm-none-eabi-gcc/4.8.3-2014q1/bin/../lib/gcc/arm-none-eabi/4.8.3/armv6-m/crtend.o
LOAD c:/users/cliff/appdata/local/arduino15/packages/arduino/tools/arm-none-eabi-gcc/4.8.3-2014q1/bin/../lib/gcc/arm-none-eabi/4.8.3/armv6-m/crtn.o

.text           0x00002000     0x6c68
                0x00002000                __text_start__ = .
 *(.sketch_boot)
                0x00002000                . = ALIGN (0x2000)
 *(.isr_vector)
 .isr_vector    0x00002000       0xb4 c:\CA-Software\Open Source Projects\OpenBionics Hand\FingerLib\examples\build/core\core.a(cortex_handlers.c.o)
                0x00002000                exception_table
 *(.text*)
 .text          0x000020b4       0x60 c:/users/cliff/appdata/local/arduino15/packages/arduino/tools/arm-none-eabi-gcc/4.8.3-2014q1/bin/../lib/gcc/arm-none-eabi/4.8.3/armv6-m/crtbegin.o
 *fill*         0x00002114        0x4 
 .text.__tcf_0  0x00002118       0x90 c:\CA-Software\Open Source Projects\OpenBionics Hand\FingerLib\examples\build\sketch\MultipleFingers.ino.cpp.o
 .text._Z8openHandv
                0x000021a8       0x30 c:\CA-Software\Open Source Projects\OpenBionics Hand\FingerLib\examples\build\sketch\MultipleFingers.ino.cpp.o
                0x000021a8                openHand()
 .text._Z9closeHandv
                0x000021d8       0x30 c:\CA-Software\Open Source Projects\OpenBionics Hand\FingerLib\examples\build\sketch\MultipleFingers.ino.cpp.o
                0x000021d8                closeHand()
 .text.loop     0x00002208       0x3c c:\CA-Software\Open Source Projects\OpenBionics Hand\FingerLib\examples\build\sketch\MultipleFingers.ino.cpp.o
                0x00002208                loop
 .text._Z13pinAssignmentv
                0x00002244       0x64 c:\CA-Software\Open Source Projects\OpenBionics Hand\FingerLib\examples\build\sketch\MultipleFingers.ino.cpp.o
                0x00002244                pinAssignment()
 .text.setup    0x000022a8       0x40 c:\CA-Software\Open Source Projects\OpenBionics Hand\FingerLib\examples\build\sketch\MultipleFingers.ino.cpp.o
                0x000022a8                setup
 .text.startup._GLOBAL__sub_I_handFlag
                0x000022e8       0x48 c:\CA-Software\Open Source Projects\OpenBionics Hand\FingerLib\examples\build\sketch\MultipleFingers.ino.cpp.o
 .text._ZN6FingerC2Ev
                0x00002330       0xc0 c:\CA-Software\Open Source Projects\OpenBionics Hand\FingerLib\examples\build\libraries\FingerLib\FingerLib.cpp.o
                0x00002330                Finger::Finger()
                0x00002330                Finger::Finger()
 .text._ZN6Finger12setPWMLimitsEii
                0x000023f0       0x44 c:\CA-Software\Open Source Projects\OpenBionics Hand\FingerLib\examples\build\libraries\FingerLib\FingerLib.cpp.o
                0x000023f0                Finger::setPWMLimits(int, int)
 *fill*         0x00002434        0x4 
 .text._ZN6Finger8writePosEi
                0x00002438       0xa8 c:\CA-Software\Open Source Projects\OpenBionics Hand\FingerLib\examples\build\libraries\FingerLib\FingerLib.cpp.o
                0x00002438                Finger::writePos(int)
 .text._ZN6Finger7readPosEv
                0x000024e0       0x50 c:\CA-Software\Open Source Projects\OpenBionics Hand\FingerLib\examples\build\libraries\FingerLib\FingerLib.cpp.o
                0x000024e0                Finger::readPos()
 .text._ZN6Finger8writeDirEi
                0x00002530       0x60 c:\CA-Software\Open Source Projects\OpenBionics Hand\FingerLib\examples\build\libraries\FingerLib\FingerLib.cpp.o
                0x00002530                Finger::writeDir(int)
 .text._ZN6Finger4openEv
                0x00002590       0x1a c:\CA-Software\Open Source Projects\OpenBionics Hand\FingerLib\examples\build\libraries\FingerLib\FingerLib.cpp.o
                0x00002590                Finger::open()
 .text._ZN6Finger5closeEv
                0x000025aa       0x1a c:\CA-Software\Open Source Projects\OpenBionics Hand\FingerLib\examples\build\libraries\FingerLib\FingerLib.cpp.o
                0x000025aa                Finger::close()
 *fill*         0x000025c4        0x4 
 .text._ZN6Finger10writeSpeedEi
                0x000025c8       0xc0 c:\CA-Software\Open Source Projects\OpenBionics Hand\FingerLib\examples\build\libraries\FingerLib\FingerLib.cpp.o
                0x000025c8                Finger::writeSpeed(int)
 .text._ZN6Finger6attachEhhhhb
                0x00002688      0x148 c:\CA-Software\Open Source Projects\OpenBionics Hand\FingerLib\examples\build\libraries\FingerLib\FingerLib.cpp.o
                0x00002688                Finger::attach(unsigned char, unsigned char, unsigned char, unsigned char, bool)
 .text._ZN6Finger6attachEhhh
                0x000027d0       0x10 c:\CA-Software\Open Source Projects\OpenBionics Hand\FingerLib\examples\build\libraries\FingerLib\FingerLib.cpp.o
                0x000027d0                Finger::attach(unsigned char, unsigned char, unsigned char)
 .text._ZN6Finger12motorControlEi
                0x000027e0       0x94 c:\CA-Software\Open Source Projects\OpenBionics Hand\FingerLib\examples\build\libraries\FingerLib\FingerLib.cpp.o
                0x000027e0                Finger::motorControl(int)
 .text._ZN6Finger18positionControllerEv
                0x00002874       0x3a c:\CA-Software\Open Source Projects\OpenBionics Hand\FingerLib\examples\build\libraries\FingerLib\FingerLib.cpp.o
                0x00002874                Finger::positionController()
 *fill*         0x000028ae        0x2 
 .text._ZN6Finger7calcVelEv
                0x000028b0       0xe0 c:\CA-Software\Open Source Projects\OpenBionics Hand\FingerLib\examples\build\libraries\FingerLib\FingerLib.cpp.o
                0x000028b0                Finger::calcVel()
 .text._ZN6Finger9readSpeedEv
                0x00002990       0xe8 c:\CA-Software\Open Source Projects\OpenBionics Hand\FingerLib\examples\build\libraries\FingerLib\FingerLib.cpp.o
                0x00002990                Finger::readSpeed()
 .text._ZN6Finger7controlEv
                0x00002a78       0x16 c:\CA-Software\Open Source Projects\OpenBionics Hand\FingerLib\examples\build\libraries\FingerLib\FingerLib.cpp.o
                0x00002a78                Finger::control()
 *fill*         0x00002a8e        0x2 
 .text._Z22_fingerControlCallbackv
                0x00002a90       0x34 c:\CA-Software\Open Source Projects\OpenBionics Hand\FingerLib\examples\build\libraries\FingerLib\FingerLib.cpp.o
                0x00002a90                _fingerControlCallback()
 .text.startup._GLOBAL__sub_I__TotalFingerCount
                0x00002ac4       0x10 c:\CA-Software\Open Source Projects\OpenBionics Hand\FingerLib\examples\build\libraries\FingerLib\FingerLib.cpp.o
 .text.TCC0_Handler
                0x00002ad4       0x3c c:\CA-Software\Open Source Projects\OpenBionics Hand\FingerLib\examples\build\libraries\FingerLib\current_sense\samd_CurrentSense.cpp.o
                0x00002ad4                TCC0_Handler
 .text.TCC1_Handler
                0x00002b10       0x3c c:\CA-Software\Open Source Projects\OpenBionics Hand\FingerLib\examples\build\libraries\FingerLib\current_sense\samd_CurrentSense.cpp.o
                0x00002b10                TCC1_Handler
 .text.TCC2_Handler
                0x00002b4c       0x3c c:\CA-Software\Open Source Projects\OpenBionics Hand\FingerLib\examples\build\libraries\FingerLib\current_sense\samd_CurrentSense.cpp.o
                0x00002b4c                TCC2_Handler
 .text.TC3_Handler
                0x00002b88       0x3c c:\CA-Software\Open Source Projects\OpenBionics Hand\FingerLib\examples\build\libraries\FingerLib\current_sense\samd_CurrentSense.cpp.o
                0x00002b88                TC3_Handler
 .text.TC5_Handler
                0x00002bc4       0x3c c:\CA-Software\Open Source Projects\OpenBionics Hand\FingerLib\examples\build\libraries\FingerLib\current_sense\samd_CurrentSense.cpp.o
                0x00002bc4                TC5_Handler
 .text.startup._GLOBAL__sub_I_TCInstances
                0x00002c00       0x10 c:\CA-Software\Open Source Projects\OpenBionics Hand\FingerLib\examples\build\libraries\FingerLib\current_sense\samd_CurrentSense.cpp.o
 .text._ZN14PID_CONTROLLERC2Ev
                0x00002c10       0x70 c:\CA-Software\Open Source Projects\OpenBionics Hand\FingerLib\examples\build\libraries\FingerLib\pid\pid_controller.cpp.o
                0x00002c10                PID_CONTROLLER::PID_CONTROLLER()
                0x00002c10                PID_CONTROLLER::PID_CONTROLLER()
 .text._ZN14PID_CONTROLLER5resetEv
                0x00002c80       0x20 c:\CA-Software\Open Source Projects\OpenBionics Hand\FingerLib\examples\build\libraries\FingerLib\pid\pid_controller.cpp.o
                0x00002c80                PID_CONTROLLER::reset()
 .text._ZN14PID_CONTROLLER3runEdd
                0x00002ca0      0x1c8 c:\CA-Software\Open Source Projects\OpenBionics Hand\FingerLib\examples\build\libraries\FingerLib\pid\pid_controller.cpp.o
                0x00002ca0                PID_CONTROLLER::run(double, double)
 .text._ZN14PID_CONTROLLER9setLimitsEdd
                0x00002e68       0x10 c:\CA-Software\Open Source Projects\OpenBionics Hand\FingerLib\examples\build\libraries\FingerLib\pid\pid_controller.cpp.o
                0x00002e68                PID_CONTROLLER::setLimits(double, double)
 .text._Z13_passMotorPtrPFvvE
                0x00002e78        0xc c:\CA-Software\Open Source Projects\OpenBionics Hand\FingerLib\examples\build\libraries\FingerLib\timers\samd_FingerTimer.cpp.o
                0x00002e78                _passMotorPtr(void (*)())
 .text._Z18_posCtrlTimerSetupv
                0x00002e84       0xa0 c:\CA-Software\Open Source Projects\OpenBionics Hand\FingerLib\examples\build\libraries\FingerLib\timers\samd_FingerTimer.cpp.o
                0x00002e84                _posCtrlTimerSetup()
 .text.TC4_Handler
                0x00002f24       0x74 c:\CA-Software\Open Source Projects\OpenBionics Hand\FingerLib\examples\build\libraries\FingerLib\timers\samd_FingerTimer.cpp.o
                0x00002f24                TC4_Handler
 .text._ZN14NB_TIMER_CLASS6tickerEv
                0x00002f98        0x4 c:\CA-Software\Open Source Projects\OpenBionics Hand\FingerLib\examples\build\libraries\FingerLib\timers\timer_and_delay.cpp.o
                0x00002f98                NB_TIMER_CLASS::ticker()
 .text._ZN11US_NB_TIMER6tickerEv
                0x00002f9c        0x8 c:\CA-Software\Open Source Projects\OpenBionics Hand\FingerLib\examples\build\libraries\FingerLib\timers\timer_and_delay.cpp.o
                0x00002f9c                US_NB_TIMER::ticker()
 .text._ZN14NB_TIMER_CLASSC2Ev
                0x00002fa4       0x14 c:\CA-Software\Open Source Projects\OpenBionics Hand\FingerLib\examples\build\libraries\FingerLib\timers\timer_and_delay.cpp.o
                0x00002fa4                NB_TIMER_CLASS::NB_TIMER_CLASS()
                0x00002fa4                NB_TIMER_CLASS::NB_TIMER_CLASS()
 .text._ZN14NB_TIMER_CLASSD2Ev
                0x00002fb8        0xc c:\CA-Software\Open Source Projects\OpenBionics Hand\FingerLib\examples\build\libraries\FingerLib\timers\timer_and_delay.cpp.o
                0x00002fb8                NB_TIMER_CLASS::~NB_TIMER_CLASS()
                0x00002fb8                NB_TIMER_CLASS::~NB_TIMER_CLASS()
 .text._ZN14NB_TIMER_CLASS5startEv
                0x00002fc4       0x16 c:\CA-Software\Open Source Projects\OpenBionics Hand\FingerLib\examples\build\libraries\FingerLib\timers\timer_and_delay.cpp.o
                0x00002fc4                NB_TIMER_CLASS::start()
 .text._ZN14NB_TIMER_CLASS7startedEv
                0x00002fda        0x4 c:\CA-Software\Open Source Projects\OpenBionics Hand\FingerLib\examples\build\libraries\FingerLib\timers\timer_and_delay.cpp.o
                0x00002fda                NB_TIMER_CLASS::started()
 .text._ZN14NB_TIMER_CLASS3nowEv
                0x00002fde       0x24 c:\CA-Software\Open Source Projects\OpenBionics Hand\FingerLib\examples\build\libraries\FingerLib\timers\timer_and_delay.cpp.o
                0x00002fde                NB_TIMER_CLASS::now()
 .text._ZN14NB_TIMER_CLASS4stopEv
                0x00003002        0xe c:\CA-Software\Open Source Projects\OpenBionics Hand\FingerLib\examples\build\libraries\FingerLib\timers\timer_and_delay.cpp.o
                0x00003002                NB_TIMER_CLASS::stop()
 .text._ZN5Print17availableForWriteEv
                0x00003010        0x4 c:\CA-Software\Open Source Projects\OpenBionics Hand\FingerLib\examples\build\libraries\Wire\Wire.cpp.o
                0x00003010                Print::availableForWrite()
 .text._ZN7TwoWire5writeEPKhj
                0x00003014       0x24 c:\CA-Software\Open Source Projects\OpenBionics Hand\FingerLib\examples\build\libraries\Wire\Wire.cpp.o
                0x00003014                TwoWire::write(unsigned char const*, unsigned int)
 .text._ZN7TwoWire5flushEv
                0x00003038        0x2 c:\CA-Software\Open Source Projects\OpenBionics Hand\FingerLib\examples\build\libraries\Wire\Wire.cpp.o
                0x00003038                TwoWire::flush()
 .text._ZN7TwoWire4peekEv
                0x0000303a       0x1a c:\CA-Software\Open Source Projects\OpenBionics Hand\FingerLib\examples\build\libraries\Wire\Wire.cpp.o
                0x0000303a                TwoWire::peek()
 .text._ZN7TwoWire9availableEv
                0x00003054       0x12 c:\CA-Software\Open Source Projects\OpenBionics Hand\FingerLib\examples\build\libraries\Wire\Wire.cpp.o
                0x00003054                TwoWire::available()
 *fill*         0x00003066        0x2 
 .text._ZN7TwoWireC2EP6SERCOMhh
                0x00003068       0x5c c:\CA-Software\Open Source Projects\OpenBionics Hand\FingerLib\examples\build\libraries\Wire\Wire.cpp.o
                0x00003068                TwoWire::TwoWire(SERCOM*, unsigned char, unsigned char)
                0x00003068                TwoWire::TwoWire(SERCOM*, unsigned char, unsigned char)
 .text._ZN7TwoWire5beginEv
                0x000030c4       0x40 c:\CA-Software\Open Source Projects\OpenBionics Hand\FingerLib\examples\build\libraries\Wire\Wire.cpp.o
                0x000030c4                TwoWire::begin()
 .text._ZN7TwoWire17beginTransmissionEh
                0x00003104       0x18 c:\CA-Software\Open Source Projects\OpenBionics Hand\FingerLib\examples\build\libraries\Wire\Wire.cpp.o
                0x00003104                TwoWire::beginTransmission(unsigned char)
 .text._ZN11RingBufferNILi256EE10store_charEh
                0x0000311c       0x1a c:\CA-Software\Open Source Projects\OpenBionics Hand\FingerLib\examples\build\libraries\Wire\Wire.cpp.o
                0x0000311c                RingBufferN<256>::store_char(unsigned char)
 .text._ZN7TwoWire11requestFromEhjb
                0x00003136       0x76 c:\CA-Software\Open Source Projects\OpenBionics Hand\FingerLib\examples\build\libraries\Wire\Wire.cpp.o
                0x00003136                TwoWire::requestFrom(unsigned char, unsigned int, bool)
 .text._ZN7TwoWire11requestFromEhj
                0x000031ac        0xa c:\CA-Software\Open Source Projects\OpenBionics Hand\FingerLib\examples\build\libraries\Wire\Wire.cpp.o
                0x000031ac                TwoWire::requestFrom(unsigned char, unsigned int)
 .text._ZN7TwoWire5writeEh
                0x000031b6       0x2a c:\CA-Software\Open Source Projects\OpenBionics Hand\FingerLib\examples\build\libraries\Wire\Wire.cpp.o
                0x000031b6                TwoWire::write(unsigned char)
 .text._ZN11RingBufferNILi256EE9read_charEv
                0x000031e0       0x20 c:\CA-Software\Open Source Projects\OpenBionics Hand\FingerLib\examples\build\libraries\Wire\Wire.cpp.o
                0x000031e0                RingBufferN<256>::read_char()
 .text._ZN7TwoWire15endTransmissionEb
                0x00003200       0x72 c:\CA-Software\Open Source Projects\OpenBionics Hand\FingerLib\examples\build\libraries\Wire\Wire.cpp.o
                0x00003200                TwoWire::endTransmission(bool)
 .text._ZN7TwoWire15endTransmissionEv
                0x00003272        0xa c:\CA-Software\Open Source Projects\OpenBionics Hand\FingerLib\examples\build\libraries\Wire\Wire.cpp.o
                0x00003272                TwoWire::endTransmission()
 .text._ZN7TwoWire4readEv
                0x0000327c        0xa c:\CA-Software\Open Source Projects\OpenBionics Hand\FingerLib\examples\build\libraries\Wire\Wire.cpp.o
                0x0000327c                TwoWire::read()
 .text._ZN7TwoWire9onServiceEv
                0x00003286      0x11c c:\CA-Software\Open Source Projects\OpenBionics Hand\FingerLib\examples\build\libraries\Wire\Wire.cpp.o
                0x00003286                TwoWire::onService()
 *fill*         0x000033a2        0x2 
 .text.SERCOM3_Handler
                0x000033a4       0x10 c:\CA-Software\Open Source Projects\OpenBionics Hand\FingerLib\examples\build\libraries\Wire\Wire.cpp.o
                0x000033a4                SERCOM3_Handler
 .text.startup._GLOBAL__sub_I__ZN7TwoWireC2EP6SERCOMhh
                0x000033b4       0x18 c:\CA-Software\Open Source Projects\OpenBionics Hand\FingerLib\examples\build\libraries\Wire\Wire.cpp.o
 .text._ZN20Adafruit_MotorShield6setPinEhb.part.2
                0x000033cc        0xe c:\CA-Software\Open Source Projects\OpenBionics Hand\FingerLib\examples\build\libraries\Adafruit_Motor_Shield_V2_Library\Adafruit_MotorShield.cpp.o
 *fill*         0x000033da        0x2 
 .text._ZN20Adafruit_MotorShield5beginEtP7TwoWire
                0x000033dc       0x50 c:\CA-Software\Open Source Projects\OpenBionics Hand\FingerLib\examples\build\libraries\Adafruit_Motor_Shield_V2_Library\Adafruit_MotorShield.cpp.o
                0x000033dc                Adafruit_MotorShield::begin(unsigned short, TwoWire*)
 .text._ZN20Adafruit_MotorShield6setPWMEht
                0x0000342c       0x20 c:\CA-Software\Open Source Projects\OpenBionics Hand\FingerLib\examples\build\libraries\Adafruit_Motor_Shield_V2_Library\Adafruit_MotorShield.cpp.o
                0x0000342c                Adafruit_MotorShield::setPWM(unsigned char, unsigned short)
 .text._ZN20Adafruit_MotorShield6setPinEhb
                0x0000344c       0x1a c:\CA-Software\Open Source Projects\OpenBionics Hand\FingerLib\examples\build\libraries\Adafruit_Motor_Shield_V2_Library\Adafruit_MotorShield.cpp.o
                0x0000344c                Adafruit_MotorShield::setPin(unsigned char, bool)
 .text._ZN20Adafruit_MotorShield8getMotorEh
                0x00003466       0x62 c:\CA-Software\Open Source Projects\OpenBionics Hand\FingerLib\examples\build\libraries\Adafruit_Motor_Shield_V2_Library\Adafruit_MotorShield.cpp.o
                0x00003466                Adafruit_MotorShield::getMotor(unsigned char)
 .text._ZN16Adafruit_DCMotorC2Ev
                0x000034c8        0xe c:\CA-Software\Open Source Projects\OpenBionics Hand\FingerLib\examples\build\libraries\Adafruit_Motor_Shield_V2_Library\Adafruit_MotorShield.cpp.o
                0x000034c8                Adafruit_DCMotor::Adafruit_DCMotor()
                0x000034c8                Adafruit_DCMotor::Adafruit_DCMotor()
 .text._ZN20Adafruit_MotorShieldC2Eh
                0x000034d6       0x4c c:\CA-Software\Open Source Projects\OpenBionics Hand\FingerLib\examples\build\libraries\Adafruit_Motor_Shield_V2_Library\Adafruit_MotorShield.cpp.o
                0x000034d6                Adafruit_MotorShield::Adafruit_MotorShield(unsigned char)
                0x000034d6                Adafruit_MotorShield::Adafruit_MotorShield(unsigned char)
 .text._ZN16Adafruit_DCMotor3runEh
                0x00003522       0x48 c:\CA-Software\Open Source Projects\OpenBionics Hand\FingerLib\examples\build\libraries\Adafruit_Motor_Shield_V2_Library\Adafruit_MotorShield.cpp.o
                0x00003522                Adafruit_DCMotor::run(unsigned char)
 .text._ZN16Adafruit_DCMotor8setSpeedEh
                0x0000356a       0x12 c:\CA-Software\Open Source Projects\OpenBionics Hand\FingerLib\examples\build\libraries\Adafruit_Motor_Shield_V2_Library\Adafruit_MotorShield.cpp.o
                0x0000356a                Adafruit_DCMotor::setSpeed(unsigned char)
 .text._ZN7TwoWire5writeEi
                0x0000357c        0xc c:\CA-Software\Open Source Projects\OpenBionics Hand\FingerLib\examples\build\libraries\Adafruit_Motor_Shield_V2_Library\utility\Adafruit_MS_PWMServoDriver.cpp.o
                0x0000357c                TwoWire::write(int)
 .text._ZN26Adafruit_MS_PWMServoDriverC2Eh
                0x00003588        0x4 c:\CA-Software\Open Source Projects\OpenBionics Hand\FingerLib\examples\build\libraries\Adafruit_Motor_Shield_V2_Library\utility\Adafruit_MS_PWMServoDriver.cpp.o
                0x00003588                Adafruit_MS_PWMServoDriver::Adafruit_MS_PWMServoDriver(unsigned char)
                0x00003588                Adafruit_MS_PWMServoDriver::Adafruit_MS_PWMServoDriver(unsigned char)
 .text._ZN26Adafruit_MS_PWMServoDriver6setPWMEhtt
                0x0000358c       0x48 c:\CA-Software\Open Source Projects\OpenBionics Hand\FingerLib\examples\build\libraries\Adafruit_Motor_Shield_V2_Library\utility\Adafruit_MS_PWMServoDriver.cpp.o
                0x0000358c                Adafruit_MS_PWMServoDriver::setPWM(unsigned char, unsigned short, unsigned short)
 .text._ZN26Adafruit_MS_PWMServoDriver6write8Ehh
                0x000035d4       0x2c c:\CA-Software\Open Source Projects\OpenBionics Hand\FingerLib\examples\build\libraries\Adafruit_Motor_Shield_V2_Library\utility\Adafruit_MS_PWMServoDriver.cpp.o
                0x000035d4                Adafruit_MS_PWMServoDriver::write8(unsigned char, unsigned char)
 .text._ZN26Adafruit_MS_PWMServoDriver5resetEv
                0x00003600        0xc c:\CA-Software\Open Source Projects\OpenBionics Hand\FingerLib\examples\build\libraries\Adafruit_Motor_Shield_V2_Library\utility\Adafruit_MS_PWMServoDriver.cpp.o
                0x00003600                Adafruit_MS_PWMServoDriver::reset()
 .text._ZN26Adafruit_MS_PWMServoDriver5beginEv
                0x0000360c       0x18 c:\CA-Software\Open Source Projects\OpenBionics Hand\FingerLib\examples\build\libraries\Adafruit_Motor_Shield_V2_Library\utility\Adafruit_MS_PWMServoDriver.cpp.o
                0x0000360c                Adafruit_MS_PWMServoDriver::begin()
 .text._ZN26Adafruit_MS_PWMServoDriver5read8Eh
                0x00003624       0x38 c:\CA-Software\Open Source Projects\OpenBionics Hand\FingerLib\examples\build\libraries\Adafruit_Motor_Shield_V2_Library\utility\Adafruit_MS_PWMServoDriver.cpp.o
                0x00003624                Adafruit_MS_PWMServoDriver::read8(unsigned char)
 *fill*         0x0000365c        0x4 
 .text._ZN26Adafruit_MS_PWMServoDriver10setPWMFreqEf
                0x00003660       0xa0 c:\CA-Software\Open Source Projects\OpenBionics Hand\FingerLib\examples\build\libraries\Adafruit_Motor_Shield_V2_Library\utility\Adafruit_MS_PWMServoDriver.cpp.o
                0x00003660                Adafruit_MS_PWMServoDriver::setPWMFreq(float)
 .text.SERCOM0_Handler
                0x00003700       0x10 c:\CA-Software\Open Source Projects\OpenBionics Hand\FingerLib\examples\build\core\variant.cpp.o
                0x00003700                SERCOM0_Handler
 .text.SERCOM5_Handler
                0x00003710       0x10 c:\CA-Software\Open Source Projects\OpenBionics Hand\FingerLib\examples\build\core\variant.cpp.o
                0x00003710                SERCOM5_Handler
 .text.startup._GLOBAL__sub_I_g_APinDescription
                0x00003720       0x94 c:\CA-Software\Open Source Projects\OpenBionics Hand\FingerLib\examples\build\core\variant.cpp.o
 *fill*         0x000037b4        0x4 
 .text.floor    0x000037b8      0x170 c:/users/cliff/appdata/local/arduino15/packages/arduino/tools/arm-none-eabi-gcc/4.8.3-2014q1/bin/../lib/gcc/arm-none-eabi/4.8.3/../../../../arm-none-eabi/lib/armv6-m\libm.a(lib_a-s_floor.o)
                0x000037b8                floor
 .text._ZN5Print5writeEPKhj
                0x00003928       0x28 c:\CA-Software\Open Source Projects\OpenBionics Hand\FingerLib\examples\build/core\core.a(Print.cpp.o)
                0x00003928                Print::write(unsigned char const*, unsigned int)
 .text._ZN5Print5writeEPKc
                0x00003950       0x1c c:\CA-Software\Open Source Projects\OpenBionics Hand\FingerLib\examples\build/core\core.a(Print.cpp.o)
                0x00003950                Print::write(char const*)
 .text._ZN5Print7printlnEv
                0x0000396c       0x10 c:\CA-Software\Open Source Projects\OpenBionics Hand\FingerLib\examples\build/core\core.a(Print.cpp.o)
                0x0000396c                Print::println()
 .text._ZN5Print7printlnEPKc
                0x0000397c       0x14 c:\CA-Software\Open Source Projects\OpenBionics Hand\FingerLib\examples\build/core\core.a(Print.cpp.o)
                0x0000397c                Print::println(char const*)
 .text._ZN6SERCOMC2EP6Sercom
                0x00003990        0x4 c:\CA-Software\Open Source Projects\OpenBionics Hand\FingerLib\examples\build/core\core.a(SERCOM.cpp.o)
                0x00003990                SERCOM::SERCOM(Sercom*)
                0x00003990                SERCOM::SERCOM(Sercom*)
 .text._ZN6SERCOM9initFrameE18SercomUartCharSize15SercomDataOrder16SercomParityMode19SercomNumberStopBit
                0x00003994       0x38 c:\CA-Software\Open Source Projects\OpenBionics Hand\FingerLib\examples\build/core\core.a(SERCOM.cpp.o)
                0x00003994                SERCOM::initFrame(SercomUartCharSize, SercomDataOrder, SercomParityMode, SercomNumberStopBit)
 .text._ZN6SERCOM8initPadsE15SercomUartTXPad11SercomRXPad
                0x000039cc       0x26 c:\CA-Software\Open Source Projects\OpenBionics Hand\FingerLib\examples\build/core\core.a(SERCOM.cpp.o)
                0x000039cc                SERCOM::initPads(SercomUartTXPad, SercomRXPad)
 .text._ZN6SERCOM9resetUARTEv
                0x000039f2       0x1c c:\CA-Software\Open Source Projects\OpenBionics Hand\FingerLib\examples\build/core\core.a(SERCOM.cpp.o)
                0x000039f2                SERCOM::resetUART()
 .text._ZN6SERCOM10enableUARTEv
                0x00003a0e       0x14 c:\CA-Software\Open Source Projects\OpenBionics Hand\FingerLib\examples\build/core\core.a(SERCOM.cpp.o)
                0x00003a0e                SERCOM::enableUART()
 .text._ZN6SERCOM9flushUARTEv
                0x00003a22       0x10 c:\CA-Software\Open Source Projects\OpenBionics Hand\FingerLib\examples\build/core\core.a(SERCOM.cpp.o)
                0x00003a22                SERCOM::flushUART()
 .text._ZN6SERCOM15clearStatusUARTEv
                0x00003a32        0x8 c:\CA-Software\Open Source Projects\OpenBionics Hand\FingerLib\examples\build/core\core.a(SERCOM.cpp.o)
                0x00003a32                SERCOM::clearStatusUART()
 .text._ZN6SERCOM17availableDataUARTEv
                0x00003a3a        0xa c:\CA-Software\Open Source Projects\OpenBionics Hand\FingerLib\examples\build/core\core.a(SERCOM.cpp.o)
                0x00003a3a                SERCOM::availableDataUART()
 .text._ZN6SERCOM11isUARTErrorEv
                0x00003a44        0x8 c:\CA-Software\Open Source Projects\OpenBionics Hand\FingerLib\examples\build/core\core.a(SERCOM.cpp.o)
                0x00003a44                SERCOM::isUARTError()
 .text._ZN6SERCOM20acknowledgeUARTErrorEv
                0x00003a4c        0xe c:\CA-Software\Open Source Projects\OpenBionics Hand\FingerLib\examples\build/core\core.a(SERCOM.cpp.o)
                0x00003a4c                SERCOM::acknowledgeUARTError()
 .text._ZN6SERCOM16isFrameErrorUARTEv
                0x00003a5a        0xa c:\CA-Software\Open Source Projects\OpenBionics Hand\FingerLib\examples\build/core\core.a(SERCOM.cpp.o)
                0x00003a5a                SERCOM::isFrameErrorUART()
 .text._ZN6SERCOM19clearFrameErrorUARTEv
                0x00003a64        0xc c:\CA-Software\Open Source Projects\OpenBionics Hand\FingerLib\examples\build/core\core.a(SERCOM.cpp.o)
                0x00003a64                SERCOM::clearFrameErrorUART()
 .text._ZN6SERCOM23isDataRegisterEmptyUARTEv
                0x00003a70        0xa c:\CA-Software\Open Source Projects\OpenBionics Hand\FingerLib\examples\build/core\core.a(SERCOM.cpp.o)
                0x00003a70                SERCOM::isDataRegisterEmptyUART()
 .text._ZN6SERCOM12readDataUARTEv
                0x00003a7a        0x8 c:\CA-Software\Open Source Projects\OpenBionics Hand\FingerLib\examples\build/core\core.a(SERCOM.cpp.o)
                0x00003a7a                SERCOM::readDataUART()
 .text._ZN6SERCOM13writeDataUARTEh
                0x00003a82        0xe c:\CA-Software\Open Source Projects\OpenBionics Hand\FingerLib\examples\build/core\core.a(SERCOM.cpp.o)
                0x00003a82                SERCOM::writeDataUART(unsigned char)
 .text._ZN6SERCOM36enableDataRegisterEmptyInterruptUARTEv
                0x00003a90        0x8 c:\CA-Software\Open Source Projects\OpenBionics Hand\FingerLib\examples\build/core\core.a(SERCOM.cpp.o)
                0x00003a90                SERCOM::enableDataRegisterEmptyInterruptUART()
 .text._ZN6SERCOM37disableDataRegisterEmptyInterruptUARTEv
                0x00003a98        0x8 c:\CA-Software\Open Source Projects\OpenBionics Hand\FingerLib\examples\build/core\core.a(SERCOM.cpp.o)
                0x00003a98                SERCOM::disableDataRegisterEmptyInterruptUART()
 .text._ZN6SERCOM9resetWIREEv
                0x00003aa0       0x1c c:\CA-Software\Open Source Projects\OpenBionics Hand\FingerLib\examples\build/core\core.a(SERCOM.cpp.o)
                0x00003aa0                SERCOM::resetWIRE()
 .text._ZN6SERCOM10enableWIREEv
                0x00003abc       0x28 c:\CA-Software\Open Source Projects\OpenBionics Hand\FingerLib\examples\build/core\core.a(SERCOM.cpp.o)
                0x00003abc                SERCOM::enableWIRE()
 .text._ZN6SERCOM18prepareNackBitWIREEv
                0x00003ae4       0x10 c:\CA-Software\Open Source Projects\OpenBionics Hand\FingerLib\examples\build/core\core.a(SERCOM.cpp.o)
                0x00003ae4                SERCOM::prepareNackBitWIRE()
 .text._ZN6SERCOM17prepareAckBitWIREEv
                0x00003af4       0x14 c:\CA-Software\Open Source Projects\OpenBionics Hand\FingerLib\examples\build/core\core.a(SERCOM.cpp.o)
                0x00003af4                SERCOM::prepareAckBitWIRE()
 .text._ZN6SERCOM22prepareCommandBitsWireEh
                0x00003b08       0x2c c:\CA-Software\Open Source Projects\OpenBionics Hand\FingerLib\examples\build/core\core.a(SERCOM.cpp.o)
                0x00003b08                SERCOM::prepareCommandBitsWire(unsigned char)
 .text._ZN6SERCOM21startTransmissionWIREEh23SercomWireReadWriteFlag
                0x00003b34       0x5e c:\CA-Software\Open Source Projects\OpenBionics Hand\FingerLib\examples\build/core\core.a(SERCOM.cpp.o)
                0x00003b34                SERCOM::startTransmissionWIRE(unsigned char, SercomWireReadWriteFlag)
 .text._ZN6SERCOM18sendDataMasterWIREEh
                0x00003b92       0x22 c:\CA-Software\Open Source Projects\OpenBionics Hand\FingerLib\examples\build/core\core.a(SERCOM.cpp.o)
                0x00003b92                SERCOM::sendDataMasterWIRE(unsigned char)
 .text._ZN6SERCOM17sendDataSlaveWIREEh
                0x00003bb4       0x1a c:\CA-Software\Open Source Projects\OpenBionics Hand\FingerLib\examples\build/core\core.a(SERCOM.cpp.o)
                0x00003bb4                SERCOM::sendDataSlaveWIRE(unsigned char)
 .text._ZN6SERCOM11isSlaveWIREEv
                0x00003bce       0x12 c:\CA-Software\Open Source Projects\OpenBionics Hand\FingerLib\examples\build/core\core.a(SERCOM.cpp.o)
                0x00003bce                SERCOM::isSlaveWIRE()
 .text._ZN6SERCOM15isDataReadyWIREEv
                0x00003be0        0xa c:\CA-Software\Open Source Projects\OpenBionics Hand\FingerLib\examples\build/core\core.a(SERCOM.cpp.o)
                0x00003be0                SERCOM::isDataReadyWIRE()
 .text._ZN6SERCOM18isStopDetectedWIREEv
                0x00003bea        0xa c:\CA-Software\Open Source Projects\OpenBionics Hand\FingerLib\examples\build/core\core.a(SERCOM.cpp.o)
                0x00003bea                SERCOM::isStopDetectedWIRE()
 .text._ZN6SERCOM21isRestartDetectedWIREEv
                0x00003bf4        0xa c:\CA-Software\Open Source Projects\OpenBionics Hand\FingerLib\examples\build/core\core.a(SERCOM.cpp.o)
                0x00003bf4                SERCOM::isRestartDetectedWIRE()
 .text._ZN6SERCOM14isAddressMatchEv
                0x00003bfe        0xa c:\CA-Software\Open Source Projects\OpenBionics Hand\FingerLib\examples\build/core\core.a(SERCOM.cpp.o)
                0x00003bfe                SERCOM::isAddressMatch()
 .text._ZN6SERCOM25isMasterReadOperationWIREEv
                0x00003c08        0xa c:\CA-Software\Open Source Projects\OpenBionics Hand\FingerLib\examples\build/core\core.a(SERCOM.cpp.o)
                0x00003c08                SERCOM::isMasterReadOperationWIRE()
 .text._ZN6SERCOM12readDataWIREEv
                0x00003c12       0x1a c:\CA-Software\Open Source Projects\OpenBionics Hand\FingerLib\examples\build/core\core.a(SERCOM.cpp.o)
                0x00003c12                SERCOM::readDataWIRE()
 .text._ZN6SERCOM13initClockNVICEv
                0x00003c2c       0xb4 c:\CA-Software\Open Source Projects\OpenBionics Hand\FingerLib\examples\build/core\core.a(SERCOM.cpp.o)
                0x00003c2c                SERCOM::initClockNVIC()
 .text._ZN6SERCOM8initUARTE14SercomUartMode20SercomUartSampleRatem
                0x00003ce0       0x6c c:\CA-Software\Open Source Projects\OpenBionics Hand\FingerLib\examples\build/core\core.a(SERCOM.cpp.o)
                0x00003ce0                SERCOM::initUART(SercomUartMode, SercomUartSampleRate, unsigned long)
 .text._ZN6SERCOM14initMasterWIREEm
                0x00003d4c       0x54 c:\CA-Software\Open Source Projects\OpenBionics Hand\FingerLib\examples\build/core\core.a(SERCOM.cpp.o)
                0x00003d4c                SERCOM::initMasterWIRE(unsigned long)
 .text._ZN7Serial_17availableForWriteEv
                0x00003da0        0x4 c:\CA-Software\Open Source Projects\OpenBionics Hand\FingerLib\examples\build/core\core.a(CDC.cpp.o)
                0x00003da0                Serial_::availableForWrite()
 .text._ZN7Serial_5writeEh
                0x00003da4       0x14 c:\CA-Software\Open Source Projects\OpenBionics Hand\FingerLib\examples\build/core\core.a(CDC.cpp.o)
                0x00003da4                Serial_::write(unsigned char)
 .text._ZN7Serial_9availableEv
                0x00003db8        0xc c:\CA-Software\Open Source Projects\OpenBionics Hand\FingerLib\examples\build/core\core.a(CDC.cpp.o)
                0x00003db8                Serial_::available()
 .text._ZN7Serial_5flushEv
                0x00003dc4        0xc c:\CA-Software\Open Source Projects\OpenBionics Hand\FingerLib\examples\build/core\core.a(CDC.cpp.o)
                0x00003dc4                Serial_::flush()
 .text._ZN7Serial_5writeEPKhj
                0x00003dd0       0x2c c:\CA-Software\Open Source Projects\OpenBionics Hand\FingerLib\examples\build/core\core.a(CDC.cpp.o)
                0x00003dd0                Serial_::write(unsigned char const*, unsigned int)
 .text._ZN7Serial_4peekEv
                0x00003dfc       0x1c c:\CA-Software\Open Source Projects\OpenBionics Hand\FingerLib\examples\build/core\core.a(CDC.cpp.o)
                0x00003dfc                Serial_::peek()
 .text._ZN7Serial_4readEv
                0x00003e18       0x24 c:\CA-Software\Open Source Projects\OpenBionics Hand\FingerLib\examples\build/core\core.a(CDC.cpp.o)
                0x00003e18                Serial_::read()
 .text._Z16CDC_GetInterfacePh
                0x00003e3c       0x1c c:\CA-Software\Open Source Projects\OpenBionics Hand\FingerLib\examples\build/core\core.a(CDC.cpp.o)
                0x00003e3c                CDC_GetInterface(unsigned char*)
 .text._Z9CDC_SetupR8USBSetup
                0x00003e58       0x80 c:\CA-Software\Open Source Projects\OpenBionics Hand\FingerLib\examples\build/core\core.a(CDC.cpp.o)
                0x00003e58                CDC_Setup(USBSetup&)
 .text._ZN7Serial_5beginEm
                0x00003ed8        0x2 c:\CA-Software\Open Source Projects\OpenBionics Hand\FingerLib\examples\build/core\core.a(CDC.cpp.o)
                0x00003ed8                Serial_::begin(unsigned long)
 *fill*         0x00003eda        0x2 
 .text.startup._GLOBAL__sub_I__Z17_CDC_GetInterfacev
                0x00003edc       0x28 c:\CA-Software\Open Source Projects\OpenBionics Hand\FingerLib\examples\build/core\core.a(CDC.cpp.o)
 .text._ZN26DoubleBufferedEPOutHandler4initEv
                0x00003f04        0x2 c:\CA-Software\Open Source Projects\OpenBionics Hand\FingerLib\examples\build/core\core.a(USBCore.cpp.o)
                0x00003f04                DoubleBufferedEPOutHandler::init()
 .text._ZL5utox8mPc
                0x00003f06       0x1c c:\CA-Software\Open Source Projects\OpenBionics Hand\FingerLib\examples\build/core\core.a(USBCore.cpp.o)
 *fill*         0x00003f22        0x2 
 .text._ZN14USBDeviceClass6initEPEmm.part.4
                0x00003f24       0xe0 c:\CA-Software\Open Source Projects\OpenBionics Hand\FingerLib\examples\build/core\core.a(USBCore.cpp.o)
 .text._ZN7__GuardC2Ev
                0x00004004        0xe c:\CA-Software\Open Source Projects\OpenBionics Hand\FingerLib\examples\build/core\core.a(USBCore.cpp.o)
                0x00004004                __Guard::__Guard()
                0x00004004                __Guard::__Guard()
 .text._ZN7__GuardD2Ev
                0x00004012        0xe c:\CA-Software\Open Source Projects\OpenBionics Hand\FingerLib\examples\build/core\core.a(USBCore.cpp.o)
                0x00004012                __Guard::~__Guard()
                0x00004012                __Guard::~__Guard()
 .text._ZNK26DoubleBufferedEPOutHandler9availableEv
                0x00004020       0x5e c:\CA-Software\Open Source Projects\OpenBionics Hand\FingerLib\examples\build/core\core.a(USBCore.cpp.o)
                0x00004020                DoubleBufferedEPOutHandler::available() const
 *fill*         0x0000407e        0x2 
 .text._ZN26DoubleBufferedEPOutHandler7releaseEv
                0x00004080       0x58 c:\CA-Software\Open Source Projects\OpenBionics Hand\FingerLib\examples\build/core\core.a(USBCore.cpp.o)
                0x00004080                DoubleBufferedEPOutHandler::release()
 .text._ZN26DoubleBufferedEPOutHandler4recvEPvm
                0x000040d8      0x11c c:\CA-Software\Open Source Projects\OpenBionics Hand\FingerLib\examples\build/core\core.a(USBCore.cpp.o)
                0x000040d8                DoubleBufferedEPOutHandler::recv(void*, unsigned long)
 .text._ZN26DoubleBufferedEPOutHandler14handleEndpointEv
                0x000041f4       0xc8 c:\CA-Software\Open Source Projects\OpenBionics Hand\FingerLib\examples\build/core\core.a(USBCore.cpp.o)
                0x000041f4                DoubleBufferedEPOutHandler::handleEndpoint()
 .text._ZN14USBDeviceClass14SendInterfacesEPm
                0x000042bc       0x2c c:\CA-Software\Open Source Projects\OpenBionics Hand\FingerLib\examples\build/core\core.a(USBCore.cpp.o)
                0x000042bc                USBDeviceClass::SendInterfaces(unsigned long*)
 .text._ZN14USBDeviceClass14handleEndpointEh
                0x000042e8       0x40 c:\CA-Software\Open Source Projects\OpenBionics Hand\FingerLib\examples\build/core\core.a(USBCore.cpp.o)
                0x000042e8                USBDeviceClass::handleEndpoint(unsigned char)
 .text._ZN14USBDeviceClass4initEv
                0x00004328       0xf0 c:\CA-Software\Open Source Projects\OpenBionics Hand\FingerLib\examples\build/core\core.a(USBCore.cpp.o)
                0x00004328                USBDeviceClass::init()
 .text._ZN14USBDeviceClass6attachEv
                0x00004418       0x34 c:\CA-Software\Open Source Projects\OpenBionics Hand\FingerLib\examples\build/core\core.a(USBCore.cpp.o)
                0x00004418                USBDeviceClass::attach()
 .text._ZN14USBDeviceClass10setAddressEm
                0x0000444c       0x48 c:\CA-Software\Open Source Projects\OpenBionics Hand\FingerLib\examples\build/core\core.a(USBCore.cpp.o)
                0x0000444c                USBDeviceClass::setAddress(unsigned long)
 .text._ZN14USBDeviceClass25handleClassInterfaceSetupER8USBSetup
                0x00004494       0x40 c:\CA-Software\Open Source Projects\OpenBionics Hand\FingerLib\examples\build/core\core.a(USBCore.cpp.o)
                0x00004494                USBDeviceClass::handleClassInterfaceSetup(USBSetup&)
 .text._ZN14USBDeviceClass6initEPEmm
                0x000044d4      0x108 c:\CA-Software\Open Source Projects\OpenBionics Hand\FingerLib\examples\build/core\core.a(USBCore.cpp.o)
                0x000044d4                USBDeviceClass::initEP(unsigned long, unsigned long)
 .text._ZN14USBDeviceClass13initEndpointsEv
                0x000045dc       0x24 c:\CA-Software\Open Source Projects\OpenBionics Hand\FingerLib\examples\build/core\core.a(USBCore.cpp.o)
                0x000045dc                USBDeviceClass::initEndpoints()
 .text._ZN14USBDeviceClass9availableEm
                0x00004600       0x2c c:\CA-Software\Open Source Projects\OpenBionics Hand\FingerLib\examples\build/core\core.a(USBCore.cpp.o)
                0x00004600                USBDeviceClass::available(unsigned long)
 .text._ZN14USBDeviceClass5flushEm
                0x0000462c       0x2c c:\CA-Software\Open Source Projects\OpenBionics Hand\FingerLib\examples\build/core\core.a(USBCore.cpp.o)
                0x0000462c                USBDeviceClass::flush(unsigned long)
 .text._ZN14USBDeviceClass14armRecvCtrlOUTEm
                0x00004658       0x60 c:\CA-Software\Open Source Projects\OpenBionics Hand\FingerLib\examples\build/core\core.a(USBCore.cpp.o)
                0x00004658                USBDeviceClass::armRecvCtrlOUT(unsigned long)
 .text._ZN14USBDeviceClass11recvControlEPvm
                0x000046b8       0x3c c:\CA-Software\Open Source Projects\OpenBionics Hand\FingerLib\examples\build/core\core.a(USBCore.cpp.o)
                0x000046b8                USBDeviceClass::recvControl(void*, unsigned long)
 .text._ZN14USBDeviceClass7armRecvEm
                0x000046f4       0x3c c:\CA-Software\Open Source Projects\OpenBionics Hand\FingerLib\examples\build/core\core.a(USBCore.cpp.o)
                0x000046f4                USBDeviceClass::armRecv(unsigned long)
 .text._ZN14USBDeviceClass4recvEmPvm
                0x00004730       0xd8 c:\CA-Software\Open Source Projects\OpenBionics Hand\FingerLib\examples\build/core\core.a(USBCore.cpp.o)
                0x00004730                USBDeviceClass::recv(unsigned long, void*, unsigned long)
 .text._ZN14USBDeviceClass4recvEm
                0x00004808       0x1c c:\CA-Software\Open Source Projects\OpenBionics Hand\FingerLib\examples\build/core\core.a(USBCore.cpp.o)
                0x00004808                USBDeviceClass::recv(unsigned long)
 .text._ZN14USBDeviceClass4sendEmPKvm
                0x00004824      0x124 c:\CA-Software\Open Source Projects\OpenBionics Hand\FingerLib\examples\build/core\core.a(USBCore.cpp.o)
                0x00004824                USBDeviceClass::send(unsigned long, void const*, unsigned long)
 .text._ZN14USBDeviceClass7armSendEmPKvm
                0x00004948       0x48 c:\CA-Software\Open Source Projects\OpenBionics Hand\FingerLib\examples\build/core\core.a(USBCore.cpp.o)
                0x00004948                USBDeviceClass::armSend(unsigned long, void const*, unsigned long)
 .text._ZN14USBDeviceClass11sendControlEPKvm
                0x00004990       0x58 c:\CA-Software\Open Source Projects\OpenBionics Hand\FingerLib\examples\build/core\core.a(USBCore.cpp.o)
                0x00004990                USBDeviceClass::sendControl(void const*, unsigned long)
 .text._ZN14USBDeviceClass20sendStringDescriptorEPKhh
                0x000049e8       0x68 c:\CA-Software\Open Source Projects\OpenBionics Hand\FingerLib\examples\build/core\core.a(USBCore.cpp.o)
                0x000049e8                USBDeviceClass::sendStringDescriptor(unsigned char const*, unsigned char)
 .text._ZN14USBDeviceClass12packMessagesEb.part.6
                0x00004a50       0x20 c:\CA-Software\Open Source Projects\OpenBionics Hand\FingerLib\examples\build/core\core.a(USBCore.cpp.o)
 .text._ZN14USBDeviceClass17sendConfigurationEm
                0x00004a70       0x90 c:\CA-Software\Open Source Projects\OpenBionics Hand\FingerLib\examples\build/core\core.a(USBCore.cpp.o)
                0x00004a70                USBDeviceClass::sendConfiguration(unsigned long)
 .text._ZN14USBDeviceClass14sendDescriptorER8USBSetup
                0x00004b00       0xec c:\CA-Software\Open Source Projects\OpenBionics Hand\FingerLib\examples\build/core\core.a(USBCore.cpp.o)
                0x00004b00                USBDeviceClass::sendDescriptor(USBSetup&)
 .text._ZN14USBDeviceClass19handleStandardSetupER8USBSetup
                0x00004bec      0x118 c:\CA-Software\Open Source Projects\OpenBionics Hand\FingerLib\examples\build/core\core.a(USBCore.cpp.o)
                0x00004bec                USBDeviceClass::handleStandardSetup(USBSetup&)
 .text._ZN14USBDeviceClass10ISRHandlerEv
                0x00004d04      0x150 c:\CA-Software\Open Source Projects\OpenBionics Hand\FingerLib\examples\build/core\core.a(USBCore.cpp.o)
                0x00004d04                USBDeviceClass::ISRHandler()
 .text.UDD_Handler
                0x00004e54       0x10 c:\CA-Software\Open Source Projects\OpenBionics Hand\FingerLib\examples\build/core\core.a(USBCore.cpp.o)
                0x00004e54                UDD_Handler
 .text.startup._GLOBAL__sub_I_usbd
                0x00004e64       0x10 c:\CA-Software\Open Source Projects\OpenBionics Hand\FingerLib\examples\build/core\core.a(USBCore.cpp.o)
 .text._ZN4UartcvbEv
                0x00004e74        0x4 c:\CA-Software\Open Source Projects\OpenBionics Hand\FingerLib\examples\build/core\core.a(Uart.cpp.o)
                0x00004e74                Uart::operator bool()
 .text._ZN4Uart5beginEm
                0x00004e78       0x10 c:\CA-Software\Open Source Projects\OpenBionics Hand\FingerLib\examples\build/core\core.a(Uart.cpp.o)
                0x00004e78                Uart::begin(unsigned long)
 .text._ZN4Uart4peekEv
                0x00004e88       0x1e c:\CA-Software\Open Source Projects\OpenBionics Hand\FingerLib\examples\build/core\core.a(Uart.cpp.o)
                0x00004e88                Uart::peek()
 .text._ZN4Uart3endEv
                0x00004ea6       0x24 c:\CA-Software\Open Source Projects\OpenBionics Hand\FingerLib\examples\build/core\core.a(Uart.cpp.o)
                0x00004ea6                Uart::end()
 *fill*         0x00004eca        0x2 
 .text._ZN4UartC2EP6SERCOMhh11SercomRXPad15SercomUartTXPadhh
                0x00004ecc       0xa0 c:\CA-Software\Open Source Projects\OpenBionics Hand\FingerLib\examples\build/core\core.a(Uart.cpp.o)
                0x00004ecc                Uart::Uart(SERCOM*, unsigned char, unsigned char, SercomRXPad, SercomUartTXPad, unsigned char, unsigned char)
                0x00004ecc                Uart::Uart(SERCOM*, unsigned char, unsigned char, SercomRXPad, SercomUartTXPad, unsigned char, unsigned char)
 .text._ZN4UartC2EP6SERCOMhh11SercomRXPad15SercomUartTXPad
                0x00004f6c       0x24 c:\CA-Software\Open Source Projects\OpenBionics Hand\FingerLib\examples\build/core\core.a(Uart.cpp.o)
                0x00004f6c                Uart::Uart(SERCOM*, unsigned char, unsigned char, SercomRXPad, SercomUartTXPad)
                0x00004f6c                Uart::Uart(SERCOM*, unsigned char, unsigned char, SercomRXPad, SercomUartTXPad)
 .text._ZN4Uart16extractNbStopBitEt
                0x00004f90        0xe c:\CA-Software\Open Source Projects\OpenBionics Hand\FingerLib\examples\build/core\core.a(Uart.cpp.o)
                0x00004f90                Uart::extractNbStopBit(unsigned short)
 .text._ZN4Uart15extractCharSizeEt
                0x00004f9e       0x2c c:\CA-Software\Open Source Projects\OpenBionics Hand\FingerLib\examples\build/core\core.a(Uart.cpp.o)
                0x00004f9e                Uart::extractCharSize(unsigned short)
 .text._ZN4Uart13extractParityEt
                0x00004fca       0x18 c:\CA-Software\Open Source Projects\OpenBionics Hand\FingerLib\examples\build/core\core.a(Uart.cpp.o)
                0x00004fca                Uart::extractParity(unsigned short)
 *fill*         0x00004fe2        0x2 
 .text._ZN4Uart5beginEmt
                0x00004fe4       0xf0 c:\CA-Software\Open Source Projects\OpenBionics Hand\FingerLib\examples\build/core\core.a(Uart.cpp.o)
                0x00004fe4                Uart::begin(unsigned long, unsigned short)
 .text._ZN11RingBufferNILi164EE9availableEv
                0x000050d4       0x12 c:\CA-Software\Open Source Projects\OpenBionics Hand\FingerLib\examples\build/core\core.a(Uart.cpp.o)
                0x000050d4                RingBufferN<164>::available()
 .text._ZN4Uart5flushEv
                0x000050e6       0x18 c:\CA-Software\Open Source Projects\OpenBionics Hand\FingerLib\examples\build/core\core.a(Uart.cpp.o)
                0x000050e6                Uart::flush()
 .text._ZN4Uart9availableEv
                0x000050fe        0xa c:\CA-Software\Open Source Projects\OpenBionics Hand\FingerLib\examples\build/core\core.a(Uart.cpp.o)
                0x000050fe                Uart::available()
 .text._ZN11RingBufferNILi164EE17availableForStoreEv
                0x00005108       0x22 c:\CA-Software\Open Source Projects\OpenBionics Hand\FingerLib\examples\build/core\core.a(Uart.cpp.o)
                0x00005108                RingBufferN<164>::availableForStore()
 .text._ZN4Uart17availableForWriteEv
                0x0000512a        0xa c:\CA-Software\Open Source Projects\OpenBionics Hand\FingerLib\examples\build/core\core.a(Uart.cpp.o)
                0x0000512a                Uart::availableForWrite()
 .text._ZN4Uart10IrqHandlerEv
                0x00005134       0xde c:\CA-Software\Open Source Projects\OpenBionics Hand\FingerLib\examples\build/core\core.a(Uart.cpp.o)
                0x00005134                Uart::IrqHandler()
 *fill*         0x00005212        0x2 
 .text._ZN4Uart5writeEh
                0x00005214       0xc8 c:\CA-Software\Open Source Projects\OpenBionics Hand\FingerLib\examples\build/core\core.a(Uart.cpp.o)
                0x00005214                Uart::write(unsigned char)
 .text._ZN4Uart4readEv
                0x000052dc       0x56 c:\CA-Software\Open Source Projects\OpenBionics Hand\FingerLib\examples\build/core\core.a(Uart.cpp.o)
                0x000052dc                Uart::read()
 .text.Dummy_Handler
                0x00005332        0x2 c:\CA-Software\Open Source Projects\OpenBionics Hand\FingerLib\examples\build/core\core.a(cortex_handlers.c.o)
                0x00005332                DMAC_Handler
                0x00005332                HardFault_Handler
                0x00005332                AC_Handler
                0x00005332                PendSV_Handler
                0x00005332                NMI_Handler
                0x00005332                TC7_Handler
                0x00005332                SERCOM1_Handler
                0x00005332                ADC_Handler
                0x00005332                SERCOM2_Handler
                0x00005332                RTC_Handler
                0x00005332                EIC_Handler
                0x00005332                TC6_Handler
                0x00005332                WDT_Handler
                0x00005332                Dummy_Handler
                0x00005332                PM_Handler
                0x00005332                SVC_Handler
                0x00005332                EVSYS_Handler
                0x00005332                SERCOM4_Handler
                0x00005332                I2S_Handler
                0x00005332                NVMCTRL_Handler
                0x00005332                DAC_Handler
                0x00005332                PTC_Handler
                0x00005332                SYSCTRL_Handler
 .text.USB_Handler
                0x00005334       0x14 c:\CA-Software\Open Source Projects\OpenBionics Hand\FingerLib\examples\build/core\core.a(cortex_handlers.c.o)
                0x00005334                USB_Handler
 .text.Reset_Handler
                0x00005348       0x54 c:\CA-Software\Open Source Projects\OpenBionics Hand\FingerLib\examples\build/core\core.a(cortex_handlers.c.o)
                0x00005348                Reset_Handler
 .text.SysTick_Handler
                0x0000539c       0x10 c:\CA-Software\Open Source Projects\OpenBionics Hand\FingerLib\examples\build/core\core.a(cortex_handlers.c.o)
                0x0000539c                SysTick_Handler
 .text.USB_SetHandler
                0x000053ac        0xc c:\CA-Software\Open Source Projects\OpenBionics Hand\FingerLib\examples\build/core\core.a(cortex_handlers.c.o)
                0x000053ac                USB_SetHandler
 .text.micros   0x000053b8       0x64 c:\CA-Software\Open Source Projects\OpenBionics Hand\FingerLib\examples\build/core\core.a(delay.c.o)
                0x000053b8                micros
 .text.delay    0x0000541c       0x20 c:\CA-Software\Open Source Projects\OpenBionics Hand\FingerLib\examples\build/core\core.a(delay.c.o)
                0x0000541c                delay
 .text.SysTick_DefaultHandler
                0x0000543c       0x14 c:\CA-Software\Open Source Projects\OpenBionics Hand\FingerLib\examples\build/core\core.a(delay.c.o)
                0x0000543c                SysTick_DefaultHandler
 .text.__empty  0x00005450        0x2 c:\CA-Software\Open Source Projects\OpenBionics Hand\FingerLib\examples\build/core\core.a(hooks.c.o)
                0x00005450                yield
 .text.__false  0x00005452        0x4 c:\CA-Software\Open Source Projects\OpenBionics Hand\FingerLib\examples\build/core\core.a(hooks.c.o)
                0x00005452                sysTickHook
 .text._Z11initVariantv
                0x00005456        0x2 c:\CA-Software\Open Source Projects\OpenBionics Hand\FingerLib\examples\build/core\core.a(main.cpp.o)
                0x00005456                initVariant()
 .text.startup.main
                0x00005458       0x40 c:\CA-Software\Open Source Projects\OpenBionics Hand\FingerLib\examples\build/core\core.a(main.cpp.o)
                0x00005458                main
 .text._Znwj    0x00005498        0x8 c:\CA-Software\Open Source Projects\OpenBionics Hand\FingerLib\examples\build/core\core.a(new.cpp.o)
                0x00005498                operator new(unsigned int)
 .text._ZdlPv   0x000054a0        0x8 c:\CA-Software\Open Source Projects\OpenBionics Hand\FingerLib\examples\build/core\core.a(new.cpp.o)
                0x000054a0                operator delete(void*)
 .text.SystemInit
                0x000054a8      0x168 c:\CA-Software\Open Source Projects\OpenBionics Hand\FingerLib\examples\build/core\core.a(startup.c.o)
                0x000054a8                SystemInit
 .text.init     0x00005610       0xf0 c:\CA-Software\Open Source Projects\OpenBionics Hand\FingerLib\examples\build/core\core.a(wiring.c.o)
                0x00005610                init
 .text.analogReference
                0x00005700       0x5c c:\CA-Software\Open Source Projects\OpenBionics Hand\FingerLib\examples\build/core\core.a(wiring_analog.c.o)
                0x00005700                analogReference
 .text.analogRead
                0x0000575c       0xf0 c:\CA-Software\Open Source Projects\OpenBionics Hand\FingerLib\examples\build/core\core.a(wiring_analog.c.o)
                0x0000575c                analogRead
 .text.pinMode  0x0000584c       0xb4 c:\CA-Software\Open Source Projects\OpenBionics Hand\FingerLib\examples\build/core\core.a(wiring_digital.c.o)
                0x0000584c                pinMode
 .text.digitalWrite
                0x00005900       0x60 c:\CA-Software\Open Source Projects\OpenBionics Hand\FingerLib\examples\build/core\core.a(wiring_digital.c.o)
                0x00005900                digitalWrite
 .text.pinPeripheral
                0x00005960       0xc4 c:\CA-Software\Open Source Projects\OpenBionics Hand\FingerLib\examples\build/core\core.a(wiring_private.c.o)
                0x00005960                pinPeripheral
 .text.initiateReset
                0x00005a24        0xc c:\CA-Software\Open Source Projects\OpenBionics Hand\FingerLib\examples\build/core\core.a(Reset.cpp.o)
                0x00005a24                initiateReset
 .text.cancelReset
                0x00005a30       0x10 c:\CA-Software\Open Source Projects\OpenBionics Hand\FingerLib\examples\build/core\core.a(Reset.cpp.o)
                0x00005a30                cancelReset
 .text.tickReset
                0x00005a40       0x74 c:\CA-Software\Open Source Projects\OpenBionics Hand\FingerLib\examples\build/core\core.a(Reset.cpp.o)
                0x00005a40                tickReset
 .text._ZN13PluggableUSB_12getInterfaceEPh
                0x00005ab4       0x2a c:\CA-Software\Open Source Projects\OpenBionics Hand\FingerLib\examples\build/core\core.a(PluggableUSB.cpp.o)
                0x00005ab4                PluggableUSB_::getInterface(unsigned char*)
 .text._ZN13PluggableUSB_13getDescriptorER8USBSetup
                0x00005ade       0x20 c:\CA-Software\Open Source Projects\OpenBionics Hand\FingerLib\examples\build/core\core.a(PluggableUSB.cpp.o)
                0x00005ade                PluggableUSB_::getDescriptor(USBSetup&)
 .text._ZN13PluggableUSB_12getShortNameEPc
                0x00005afe       0x1e c:\CA-Software\Open Source Projects\OpenBionics Hand\FingerLib\examples\build/core\core.a(PluggableUSB.cpp.o)
                0x00005afe                PluggableUSB_::getShortName(char*)
 .text._ZN13PluggableUSB_5setupER8USBSetup
                0x00005b1c       0x24 c:\CA-Software\Open Source Projects\OpenBionics Hand\FingerLib\examples\build/core\core.a(PluggableUSB.cpp.o)
                0x00005b1c                PluggableUSB_::setup(USBSetup&)
 .text._Z12PluggableUSBv
                0x00005b40       0x24 c:\CA-Software\Open Source Projects\OpenBionics Hand\FingerLib\examples\build/core\core.a(PluggableUSB.cpp.o)
                0x00005b40                PluggableUSB()
 .text._ZN20USBDevice_SAMD21G18x5resetEv
                0x00005b64       0x32 c:\CA-Software\Open Source Projects\OpenBionics Hand\FingerLib\examples\build/core\core.a(SAMD21_USBDevice.cpp.o)
                0x00005b64                USBDevice_SAMD21G18x::reset()
 *fill*         0x00005b96        0x2 
 .text._ZN20USBDevice_SAMD21G18x9calibrateEv
                0x00005b98       0x5c c:\CA-Software\Open Source Projects\OpenBionics Hand\FingerLib\examples\build/core\core.a(SAMD21_USBDevice.cpp.o)
                0x00005b98                USBDevice_SAMD21G18x::calibrate()
 .text          0x00005bf4       0x14 c:/users/cliff/appdata/local/arduino15/packages/arduino/tools/arm-none-eabi-gcc/4.8.3-2014q1/bin/../lib/gcc/arm-none-eabi/4.8.3/armv6-m\libgcc.a(_thumb1_case_uqi.o)
                0x00005bf4                __gnu_thumb1_case_uqi
 .text          0x00005c08       0x9c c:/users/cliff/appdata/local/arduino15/packages/arduino/tools/arm-none-eabi-gcc/4.8.3-2014q1/bin/../lib/gcc/arm-none-eabi/4.8.3/armv6-m\libgcc.a(_udivsi3.o)
                0x00005c08                __aeabi_uidiv
                0x00005c08                __udivsi3
                0x00005c90                __aeabi_uidivmod
 .text          0x00005ca4       0xc0 c:/users/cliff/appdata/local/arduino15/packages/arduino/tools/arm-none-eabi-gcc/4.8.3-2014q1/bin/../lib/gcc/arm-none-eabi/4.8.3/armv6-m\libgcc.a(_divsi3.o)
                0x00005ca4                __divsi3
                0x00005ca4                __aeabi_idiv
                0x00005d50                __aeabi_idivmod
 .text          0x00005d64        0x4 c:/users/cliff/appdata/local/arduino15/packages/arduino/tools/arm-none-eabi-gcc/4.8.3-2014q1/bin/../lib/gcc/arm-none-eabi/4.8.3/armv6-m\libgcc.a(_dvmd_tls.o)
                0x00005d64                __aeabi_idiv0
                0x00005d64                __aeabi_ldiv0
 .text          0x00005d68       0x7c c:/users/cliff/appdata/local/arduino15/packages/arduino/tools/arm-none-eabi-gcc/4.8.3-2014q1/bin/../lib/gcc/arm-none-eabi/4.8.3/armv6-m\libgcc.a(_arm_cmpdf2.o)
                0x00005d68                __aeabi_cdrcmple
                0x00005d78                __aeabi_cdcmple
                0x00005d78                __aeabi_cdcmpeq
                0x00005d88                __aeabi_dcmpeq
                0x00005d94                __aeabi_dcmplt
                0x00005da8                __aeabi_dcmple
                0x00005dbc                __aeabi_dcmpgt
                0x00005dd0                __aeabi_dcmpge
 .text          0x00005de4       0x74 c:/users/cliff/appdata/local/arduino15/packages/arduino/tools/arm-none-eabi-gcc/4.8.3-2014q1/bin/../lib/gcc/arm-none-eabi/4.8.3/armv6-m\libgcc.a(_arm_cmpsf2.o)
                0x00005de4                __aeabi_cfrcmple
                0x00005dec                __aeabi_cfcmpeq
                0x00005dec                __aeabi_cfcmple
                0x00005dfc                __aeabi_fcmpeq
                0x00005e08                __aeabi_fcmplt
                0x00005e1c                __aeabi_fcmple
                0x00005e30                __aeabi_fcmpgt
                0x00005e44                __aeabi_fcmpge
 .text          0x00005e58       0x40 c:/users/cliff/appdata/local/arduino15/packages/arduino/tools/arm-none-eabi-gcc/4.8.3-2014q1/bin/../lib/gcc/arm-none-eabi/4.8.3/armv6-m\libgcc.a(_fixunsdfsi.o)
                0x00005e58                __aeabi_d2uiz
                0x00005e58                __fixunsdfsi
 .text          0x00005e98      0x24c c:/users/cliff/appdata/local/arduino15/packages/arduino/tools/arm-none-eabi-gcc/4.8.3-2014q1/bin/../lib/gcc/arm-none-eabi/4.8.3/armv6-m\libgcc.a(divsf3.o)
                0x00005e98                __aeabi_fdiv
 .text          0x000060e4       0x54 c:/users/cliff/appdata/local/arduino15/packages/arduino/tools/arm-none-eabi-gcc/4.8.3-2014q1/bin/../lib/gcc/arm-none-eabi/4.8.3/armv6-m\libgcc.a(eqsf2.o)
                0x000060e4                __eqsf2
                0x000060e4                __nesf2
 .text          0x00006138       0x90 c:/users/cliff/appdata/local/arduino15/packages/arduino/tools/arm-none-eabi-gcc/4.8.3-2014q1/bin/../lib/gcc/arm-none-eabi/4.8.3/armv6-m\libgcc.a(gesf2.o)
                0x00006138                __gesf2
                0x00006138                __gtsf2
 .text          0x000061c8       0x98 c:/users/cliff/appdata/local/arduino15/packages/arduino/tools/arm-none-eabi-gcc/4.8.3-2014q1/bin/../lib/gcc/arm-none-eabi/4.8.3/armv6-m\libgcc.a(lesf2.o)
                0x000061c8                __ltsf2
                0x000061c8                __lesf2
 .text          0x00006260      0x2e0 c:/users/cliff/appdata/local/arduino15/packages/arduino/tools/arm-none-eabi-gcc/4.8.3-2014q1/bin/../lib/gcc/arm-none-eabi/4.8.3/armv6-m\libgcc.a(subsf3.o)
                0x00006260                __aeabi_fsub
 .text          0x00006540       0xa0 c:/users/cliff/appdata/local/arduino15/packages/arduino/tools/arm-none-eabi-gcc/4.8.3-2014q1/bin/../lib/gcc/arm-none-eabi/4.8.3/armv6-m\libgcc.a(floatunsisf.o)
                0x00006540                __aeabi_ui2f
 .text          0x000065e0      0x638 c:/users/cliff/appdata/local/arduino15/packages/arduino/tools/arm-none-eabi-gcc/4.8.3-2014q1/bin/../lib/gcc/arm-none-eabi/4.8.3/armv6-m\libgcc.a(adddf3.o)
                0x000065e0                __aeabi_dadd
 .text          0x00006c18      0x648 c:/users/cliff/appdata/local/arduino15/packages/arduino/tools/arm-none-eabi-gcc/4.8.3-2014q1/bin/../lib/gcc/arm-none-eabi/4.8.3/armv6-m\libgcc.a(divdf3.o)
                0x00006c18                __aeabi_ddiv
 .text          0x00007260       0x94 c:/users/cliff/appdata/local/arduino15/packages/arduino/tools/arm-none-eabi-gcc/4.8.3-2014q1/bin/../lib/gcc/arm-none-eabi/4.8.3/armv6-m\libgcc.a(eqdf2.o)
                0x00007260                __nedf2
                0x00007260                __eqdf2
 .text          0x000072f4       0xfc c:/users/cliff/appdata/local/arduino15/packages/arduino/tools/arm-none-eabi-gcc/4.8.3-2014q1/bin/../lib/gcc/arm-none-eabi/4.8.3/armv6-m\libgcc.a(gedf2.o)
                0x000072f4                __gedf2
                0x000072f4                __gtdf2
 .text          0x000073f0       0xfc c:/users/cliff/appdata/local/arduino15/packages/arduino/tools/arm-none-eabi-gcc/4.8.3-2014q1/bin/../lib/gcc/arm-none-eabi/4.8.3/armv6-m\libgcc.a(ledf2.o)
                0x000073f0                __ledf2
                0x000073f0                __ltdf2
 .text          0x000074ec      0x520 c:/users/cliff/appdata/local/arduino15/packages/arduino/tools/arm-none-eabi-gcc/4.8.3-2014q1/bin/../lib/gcc/arm-none-eabi/4.8.3/armv6-m\libgcc.a(muldf3.o)
                0x000074ec                __aeabi_dmul
 .text          0x00007a0c      0x654 c:/users/cliff/appdata/local/arduino15/packages/arduino/tools/arm-none-eabi-gcc/4.8.3-2014q1/bin/../lib/gcc/arm-none-eabi/4.8.3/armv6-m\libgcc.a(subdf3.o)
                0x00007a0c                __aeabi_dsub
 .text          0x00008060       0x68 c:/users/cliff/appdata/local/arduino15/packages/arduino/tools/arm-none-eabi-gcc/4.8.3-2014q1/bin/../lib/gcc/arm-none-eabi/4.8.3/armv6-m\libgcc.a(fixdfsi.o)
                0x00008060                __aeabi_d2iz
 .text          0x000080c8       0x7c c:/users/cliff/appdata/local/arduino15/packages/arduino/tools/arm-none-eabi-gcc/4.8.3-2014q1/bin/../lib/gcc/arm-none-eabi/4.8.3/armv6-m\libgcc.a(floatsidf.o)
                0x000080c8                __aeabi_i2d
 .text          0x00008144       0x68 c:/users/cliff/appdata/local/arduino15/packages/arduino/tools/arm-none-eabi-gcc/4.8.3-2014q1/bin/../lib/gcc/arm-none-eabi/4.8.3/armv6-m\libgcc.a(floatunsidf.o)
                0x00008144                __aeabi_ui2d
 .text          0x000081ac       0xa4 c:/users/cliff/appdata/local/arduino15/packages/arduino/tools/arm-none-eabi-gcc/4.8.3-2014q1/bin/../lib/gcc/arm-none-eabi/4.8.3/armv6-m\libgcc.a(extendsfdf2.o)
                0x000081ac                __aeabi_f2d
 .text          0x00008250      0x118 c:/users/cliff/appdata/local/arduino15/packages/arduino/tools/arm-none-eabi-gcc/4.8.3-2014q1/bin/../lib/gcc/arm-none-eabi/4.8.3/armv6-m\libgcc.a(truncdfsf2.o)
                0x00008250                __aeabi_d2f
 .text          0x00008368       0x3c c:/users/cliff/appdata/local/arduino15/packages/arduino/tools/arm-none-eabi-gcc/4.8.3-2014q1/bin/../lib/gcc/arm-none-eabi/4.8.3/armv6-m\libgcc.a(_clzsi2.o)
                0x00008368                __clzsi2
 .text.__aeabi_atexit
                0x000083a4        0xe c:/users/cliff/appdata/local/arduino15/packages/arduino/tools/arm-none-eabi-gcc/4.8.3-2014q1/bin/../lib/gcc/arm-none-eabi/4.8.3/../../../../arm-none-eabi/lib/armv6-m\libc_s.a(lib_a-aeabi_atexit.o)
                0x000083a4                __aeabi_atexit
 *fill*         0x000083b2        0x2 
 .text.__cxa_atexit
                0x000083b4       0x20 c:/users/cliff/appdata/local/arduino15/packages/arduino/tools/arm-none-eabi-gcc/4.8.3-2014q1/bin/../lib/gcc/arm-none-eabi/4.8.3/../../../../arm-none-eabi/lib/armv6-m\libc_s.a(lib_a-cxa_atexit.o)
                0x000083b4                __cxa_atexit
 .text.__libc_init_array
                0x000083d4       0x4c c:/users/cliff/appdata/local/arduino15/packages/arduino/tools/arm-none-eabi-gcc/4.8.3-2014q1/bin/../lib/gcc/arm-none-eabi/4.8.3/../../../../arm-none-eabi/lib/armv6-m\libc_s.a(lib_a-init.o)
                0x000083d4                __libc_init_array
 .text.malloc   0x00008420       0x14 c:/users/cliff/appdata/local/arduino15/packages/arduino/tools/arm-none-eabi-gcc/4.8.3-2014q1/bin/../lib/gcc/arm-none-eabi/4.8.3/../../../../arm-none-eabi/lib/armv6-m\libc_s.a(lib_a-malloc.o)
                0x00008420                malloc
 .text.free     0x00008434       0x14 c:/users/cliff/appdata/local/arduino15/packages/arduino/tools/arm-none-eabi-gcc/4.8.3-2014q1/bin/../lib/gcc/arm-none-eabi/4.8.3/../../../../arm-none-eabi/lib/armv6-m\libc_s.a(lib_a-malloc.o)
                0x00008434                free
 .text.memcpy   0x00008448       0x12 c:/users/cliff/appdata/local/arduino15/packages/arduino/tools/arm-none-eabi-gcc/4.8.3-2014q1/bin/../lib/gcc/arm-none-eabi/4.8.3/../../../../arm-none-eabi/lib/armv6-m\libc_s.a(lib_a-memcpy-stub.o)
                0x00008448                memcpy
 .text.memset   0x0000845a       0x10 c:/users/cliff/appdata/local/arduino15/packages/arduino/tools/arm-none-eabi-gcc/4.8.3-2014q1/bin/../lib/gcc/arm-none-eabi/4.8.3/../../../../arm-none-eabi/lib/armv6-m\libc_s.a(lib_a-memset.o)
                0x0000845a                memset
 *fill*         0x0000846a        0x2 
 .text._free_r  0x0000846c       0x90 c:/users/cliff/appdata/local/arduino15/packages/arduino/tools/arm-none-eabi-gcc/4.8.3-2014q1/bin/../lib/gcc/arm-none-eabi/4.8.3/../../../../arm-none-eabi/lib/armv6-m\libc_s.a(lib_a-nano-freer.o)
                0x0000846c                _free_r
 .text._malloc_r
                0x000084fc       0xa8 c:/users/cliff/appdata/local/arduino15/packages/arduino/tools/arm-none-eabi-gcc/4.8.3-2014q1/bin/../lib/gcc/arm-none-eabi/4.8.3/../../../../arm-none-eabi/lib/armv6-m\libc_s.a(lib_a-nano-mallocr.o)
                0x000084fc                _malloc_r
 .text._sbrk_r  0x000085a4       0x24 c:/users/cliff/appdata/local/arduino15/packages/arduino/tools/arm-none-eabi-gcc/4.8.3-2014q1/bin/../lib/gcc/arm-none-eabi/4.8.3/../../../../arm-none-eabi/lib/armv6-m\libc_s.a(lib_a-sbrkr.o)
                0x000085a4                _sbrk_r
 .text.strlen   0x000085c8        0xe c:/users/cliff/appdata/local/arduino15/packages/arduino/tools/arm-none-eabi-gcc/4.8.3-2014q1/bin/../lib/gcc/arm-none-eabi/4.8.3/../../../../arm-none-eabi/lib/armv6-m\libc_s.a(lib_a-strlen.o)
                0x000085c8                strlen
 *fill*         0x000085d6        0x2 
 .text._sbrk    0x000085d8       0x34 c:/users/cliff/appdata/local/arduino15/packages/arduino/tools/arm-none-eabi-gcc/4.8.3-2014q1/bin/../lib/gcc/arm-none-eabi/4.8.3/../../../../arm-none-eabi/lib/armv6-m\libnosys.a(sbrk.o)
                0x000085d8                _sbrk
 *(.init)
 .init          0x0000860c        0x4 c:/users/cliff/appdata/local/arduino15/packages/arduino/tools/arm-none-eabi-gcc/4.8.3-2014q1/bin/../lib/gcc/arm-none-eabi/4.8.3/armv6-m/crti.o
                0x0000860c                _init
 .init          0x00008610        0x8 c:/users/cliff/appdata/local/arduino15/packages/arduino/tools/arm-none-eabi-gcc/4.8.3-2014q1/bin/../lib/gcc/arm-none-eabi/4.8.3/armv6-m/crtn.o
 *(.fini)
 .fini          0x00008618        0x4 c:/users/cliff/appdata/local/arduino15/packages/arduino/tools/arm-none-eabi-gcc/4.8.3-2014q1/bin/../lib/gcc/arm-none-eabi/4.8.3/armv6-m/crti.o
                0x00008618                _fini
 .fini          0x0000861c        0x8 c:/users/cliff/appdata/local/arduino15/packages/arduino/tools/arm-none-eabi-gcc/4.8.3-2014q1/bin/../lib/gcc/arm-none-eabi/4.8.3/armv6-m/crtn.o
 *crtbegin.o(.ctors)
 *crtbegin?.o(.ctors)
 *(EXCLUDE_FILE(*crtend.o *crtend?.o) .ctors)
 *(SORT(.ctors.*))
 *(.ctors)
 *crtbegin.o(.dtors)
 *crtbegin?.o(.dtors)
 *(EXCLUDE_FILE(*crtend.o *crtend?.o) .dtors)
 *(SORT(.dtors.*))
 *(.dtors)
 *(.rodata*)
 .rodata.str1.1
                0x00008624       0x28 c:\CA-Software\Open Source Projects\OpenBionics Hand\FingerLib\examples\build\sketch\MultipleFingers.ino.cpp.o
 *fill*         0x0000864c        0x4 
 .rodata._ZTV14NB_TIMER_CLASS
                0x00008650       0x10 c:\CA-Software\Open Source Projects\OpenBionics Hand\FingerLib\examples\build\libraries\FingerLib\timers\timer_and_delay.cpp.o
                0x00008650                vtable for NB_TIMER_CLASS
 .rodata._ZTV11US_NB_TIMER
                0x00008660       0x10 c:\CA-Software\Open Source Projects\OpenBionics Hand\FingerLib\examples\build\libraries\FingerLib\timers\timer_and_delay.cpp.o
                0x00008660                vtable for US_NB_TIMER
 .rodata._ZTV7TwoWire
                0x00008670       0x28 c:\CA-Software\Open Source Projects\OpenBionics Hand\FingerLib\examples\build\libraries\Wire\Wire.cpp.o
                0x00008670                vtable for TwoWire
 .rodata.g_APinDescription
                0x00008698      0x450 c:\CA-Software\Open Source Projects\OpenBionics Hand\FingerLib\examples\build\core\variant.cpp.o
                0x00008698                g_APinDescription
 .rodata.str1.1
                0x00008ae8        0xf c:\CA-Software\Open Source Projects\OpenBionics Hand\FingerLib\examples\build/core\core.a(Print.cpp.o)
 *fill*         0x00008af7        0x1 
 .rodata._ZTV7Serial_
                0x00008af8       0x28 c:\CA-Software\Open Source Projects\OpenBionics Hand\FingerLib\examples\build/core\core.a(CDC.cpp.o)
                0x00008af8                vtable for Serial_
 .rodata._ZTV26DoubleBufferedEPOutHandler
                0x00008b20       0x18 c:\CA-Software\Open Source Projects\OpenBionics Hand\FingerLib\examples\build/core\core.a(USBCore.cpp.o)
                0x00008b20                vtable for DoubleBufferedEPOutHandler
 .rodata._ZL19STRING_MANUFACTURER
                0x00008b38        0x9 c:\CA-Software\Open Source Projects\OpenBionics Hand\FingerLib\examples\build/core\core.a(USBCore.cpp.o)
 *fill*         0x00008b41        0x1 
 .rodata._ZL15STRING_LANGUAGE
                0x00008b42        0x4 c:\CA-Software\Open Source Projects\OpenBionics Hand\FingerLib\examples\build/core\core.a(USBCore.cpp.o)
 .rodata._ZL21USB_DeviceDescriptorB
                0x00008b46       0x12 c:\CA-Software\Open Source Projects\OpenBionics Hand\FingerLib\examples\build/core\core.a(USBCore.cpp.o)
 .rodata._ZL14STRING_PRODUCT
                0x00008b58        0xb c:\CA-Software\Open Source Projects\OpenBionics Hand\FingerLib\examples\build/core\core.a(USBCore.cpp.o)
 *fill*         0x00008b63        0x5 
 .rodata._ZTV4Uart
                0x00008b68       0x38 c:\CA-Software\Open Source Projects\OpenBionics Hand\FingerLib\examples\build/core\core.a(Uart.cpp.o)
                0x00008b68                vtable for Uart
 .rodata        0x00008ba0       0x40 c:/users/cliff/appdata/local/arduino15/packages/arduino/tools/arm-none-eabi-gcc/4.8.3-2014q1/bin/../lib/gcc/arm-none-eabi/4.8.3/armv6-m\libgcc.a(divsf3.o)
 .rodata        0x00008be0       0x40 c:/users/cliff/appdata/local/arduino15/packages/arduino/tools/arm-none-eabi-gcc/4.8.3-2014q1/bin/../lib/gcc/arm-none-eabi/4.8.3/armv6-m\libgcc.a(divdf3.o)
 .rodata        0x00008c20       0x40 c:/users/cliff/appdata/local/arduino15/packages/arduino/tools/arm-none-eabi-gcc/4.8.3-2014q1/bin/../lib/gcc/arm-none-eabi/4.8.3/armv6-m\libgcc.a(muldf3.o)
 .rodata.str1.1
                0x00008c60        0x2 c:/users/cliff/appdata/local/arduino15/packages/arduino/tools/arm-none-eabi-gcc/4.8.3-2014q1/bin/../lib/gcc/arm-none-eabi/4.8.3/../../../../arm-none-eabi/lib/armv6-m\libc_s.a(lib_a-impure.o)
 *(.eh_frame*)
 *fill*         0x00008c62        0x2 
 .eh_frame      0x00008c64        0x0 c:/users/cliff/appdata/local/arduino15/packages/arduino/tools/arm-none-eabi-gcc/4.8.3-2014q1/bin/../lib/gcc/arm-none-eabi/4.8.3/armv6-m/crtbegin.o
 .eh_frame      0x00008c64        0x4 c:/users/cliff/appdata/local/arduino15/packages/arduino/tools/arm-none-eabi-gcc/4.8.3-2014q1/bin/../lib/gcc/arm-none-eabi/4.8.3/armv6-m/crtend.o

.glue_7         0x00008c68        0x0
 .glue_7        0x00000000        0x0 linker stubs

.glue_7t        0x00008c68        0x0
 .glue_7t       0x00000000        0x0 linker stubs

.vfp11_veneer   0x00008c68        0x0
 .vfp11_veneer  0x00000000        0x0 linker stubs

.v4_bx          0x00008c68        0x0
 .v4_bx         0x00000000        0x0 linker stubs

.iplt           0x00008c68        0x0
 .iplt          0x00000000        0x0 c:/users/cliff/appdata/local/arduino15/packages/arduino/tools/arm-none-eabi-gcc/4.8.3-2014q1/bin/../lib/gcc/arm-none-eabi/4.8.3/armv6-m/crtbegin.o

.rel.dyn        0x00008c68        0x0
 .rel.iplt      0x00000000        0x0 c:/users/cliff/appdata/local/arduino15/packages/arduino/tools/arm-none-eabi-gcc/4.8.3-2014q1/bin/../lib/gcc/arm-none-eabi/4.8.3/armv6-m/crtbegin.o

.ARM.extab
 *(.ARM.extab* .gnu.linkonce.armextab.*)
                0x00008c68                __exidx_start = .

.ARM.exidx
 *(.ARM.exidx* .gnu.linkonce.armexidx.*)
                0x00008c68                __exidx_end = .
                0x00008c68                __etext = .

.data           0x20000000      0x130 load address 0x00008c68
                0x20000000                __data_start__ = .
 *(vtable)
 *(.data*)
 .data          0x20000000        0x4 c:/users/cliff/appdata/local/arduino15/packages/arduino/tools/arm-none-eabi-gcc/4.8.3-2014q1/bin/../lib/gcc/arm-none-eabi/4.8.3/armv6-m/crtbegin.o
                0x20000000                __dso_handle
 .data.handFlag
                0x20000004        0x4 c:\CA-Software\Open Source Projects\OpenBionics Hand\FingerLib\examples\build\sketch\MultipleFingers.ino.cpp.o
                0x20000004                handFlag
 .data._currentSenseTimer
                0x20000008        0x1 c:\CA-Software\Open Source Projects\OpenBionics Hand\FingerLib\examples\build\libraries\FingerLib\current_sense\samd_CurrentSense.cpp.o
                0x20000008                _currentSenseTimer
 *fill*         0x20000009        0x3 
 .data._serialPeek
                0x2000000c        0x4 c:\CA-Software\Open Source Projects\OpenBionics Hand\FingerLib\examples\build/core\core.a(CDC.cpp.o)
                0x2000000c                _serialPeek
 .data._ZL10breakValue
                0x20000010        0x4 c:\CA-Software\Open Source Projects\OpenBionics Hand\FingerLib\examples\build/core\core.a(CDC.cpp.o)
 .data._ZL13_cdcInterface
                0x20000014       0x42 c:\CA-Software\Open Source Projects\OpenBionics Hand\FingerLib\examples\build/core\core.a(CDC.cpp.o)
 *fill*         0x20000056        0x2 
 .data._ZL12_usbLineInfo
                0x20000058        0x8 c:\CA-Software\Open Source Projects\OpenBionics Hand\FingerLib\examples\build/core\core.a(CDC.cpp.o)
 .data.EndPoints
                0x20000060       0x28 c:\CA-Software\Open Source Projects\OpenBionics Hand\FingerLib\examples\build/core\core.a(USBCore.cpp.o)
                0x20000060                EndPoints
 .data.SystemCoreClock
                0x20000088        0x4 c:\CA-Software\Open Source Projects\OpenBionics Hand\FingerLib\examples\build/core\core.a(wiring.c.o)
                0x20000088                SystemCoreClock
 .data._ADCResolution
                0x2000008c        0x4 c:\CA-Software\Open Source Projects\OpenBionics Hand\FingerLib\examples\build/core\core.a(wiring_analog.c.o)
 .data._readResolution
                0x20000090        0x4 c:\CA-Software\Open Source Projects\OpenBionics Hand\FingerLib\examples\build/core\core.a(wiring_analog.c.o)
 .data._ZL5ticks
                0x20000094        0x4 c:\CA-Software\Open Source Projects\OpenBionics Hand\FingerLib\examples\build/core\core.a(Reset.cpp.o)
 .data.impure_data
                0x20000098       0x60 c:/users/cliff/appdata/local/arduino15/packages/arduino/tools/arm-none-eabi-gcc/4.8.3-2014q1/bin/../lib/gcc/arm-none-eabi/4.8.3/../../../../arm-none-eabi/lib/armv6-m\libc_s.a(lib_a-impure.o)
 .data._impure_ptr
                0x200000f8        0x4 c:/users/cliff/appdata/local/arduino15/packages/arduino/tools/arm-none-eabi-gcc/4.8.3-2014q1/bin/../lib/gcc/arm-none-eabi/4.8.3/../../../../arm-none-eabi/lib/armv6-m\libc_s.a(lib_a-impure.o)
                0x200000f8                _impure_ptr
                0x200000fc                . = ALIGN (0x4)
                0x200000fc                PROVIDE (__preinit_array_start, .)
 *(.preinit_array)
                0x200000fc                PROVIDE (__preinit_array_end, .)
                0x200000fc                . = ALIGN (0x4)
                0x200000fc                PROVIDE (__init_array_start, .)
 *(SORT(.init_array.*))
 *(.init_array)
 .init_array    0x200000fc        0x4 c:/users/cliff/appdata/local/arduino15/packages/arduino/tools/arm-none-eabi-gcc/4.8.3-2014q1/bin/../lib/gcc/arm-none-eabi/4.8.3/armv6-m/crtbegin.o
 .init_array    0x20000100        0x4 c:\CA-Software\Open Source Projects\OpenBionics Hand\FingerLib\examples\build\sketch\MultipleFingers.ino.cpp.o
 .init_array    0x20000104        0x4 c:\CA-Software\Open Source Projects\OpenBionics Hand\FingerLib\examples\build\libraries\FingerLib\FingerLib.cpp.o
 .init_array    0x20000108        0x4 c:\CA-Software\Open Source Projects\OpenBionics Hand\FingerLib\examples\build\libraries\FingerLib\current_sense\samd_CurrentSense.cpp.o
 .init_array    0x2000010c        0x4 c:\CA-Software\Open Source Projects\OpenBionics Hand\FingerLib\examples\build\libraries\Wire\Wire.cpp.o
 .init_array    0x20000110        0x4 c:\CA-Software\Open Source Projects\OpenBionics Hand\FingerLib\examples\build\core\variant.cpp.o
 .init_array    0x20000114        0x4 c:\CA-Software\Open Source Projects\OpenBionics Hand\FingerLib\examples\build/core\core.a(CDC.cpp.o)
 .init_array    0x20000118        0x4 c:\CA-Software\Open Source Projects\OpenBionics Hand\FingerLib\examples\build/core\core.a(USBCore.cpp.o)
                0x2000011c                PROVIDE (__init_array_end, .)
                0x2000011c                . = ALIGN (0x4)
                0x2000011c                PROVIDE (__fini_array_start, .)
 *(SORT(.fini_array.*))
 *(.fini_array)
 .fini_array    0x2000011c        0x4 c:/users/cliff/appdata/local/arduino15/packages/arduino/tools/arm-none-eabi-gcc/4.8.3-2014q1/bin/../lib/gcc/arm-none-eabi/4.8.3/armv6-m/crtbegin.o
                0x20000120                PROVIDE (__fini_array_end, .)
 *(.jcr*)
 .jcr           0x20000120        0x0 c:/users/cliff/appdata/local/arduino15/packages/arduino/tools/arm-none-eabi-gcc/4.8.3-2014q1/bin/../lib/gcc/arm-none-eabi/4.8.3/armv6-m/crtbegin.o
 .jcr           0x20000120        0x4 c:/users/cliff/appdata/local/arduino15/packages/arduino/tools/arm-none-eabi-gcc/4.8.3-2014q1/bin/../lib/gcc/arm-none-eabi/4.8.3/armv6-m/crtend.o
                0x20000130                . = ALIGN (0x10)
 *fill*         0x20000124        0xc 
                0x20000130                __data_end__ = .

.igot.plt       0x20000130        0x0 load address 0x00008d98
 .igot.plt      0x00000000        0x0 c:/users/cliff/appdata/local/arduino15/packages/arduino/tools/arm-none-eabi-gcc/4.8.3-2014q1/bin/../lib/gcc/arm-none-eabi/4.8.3/armv6-m/crtbegin.o

.bss            0x20000130     0x13b8 load address 0x00008d98
                0x20000130                . = ALIGN (0x4)
                0x20000130                __bss_start__ = .
 *(.bss*)
 .bss           0x20000130       0x1c c:/users/cliff/appdata/local/arduino15/packages/arduino/tools/arm-none-eabi-gcc/4.8.3-2014q1/bin/../lib/gcc/arm-none-eabi/4.8.3/armv6-m/crtbegin.o
 *fill*         0x2000014c        0x4 
 .bss.finger    0x20000150      0x6c0 c:\CA-Software\Open Source Projects\OpenBionics Hand\FingerLib\examples\build\sketch\MultipleFingers.ino.cpp.o
                0x20000150                finger
 .bss._ZL4AFMS  0x20000810       0x6c c:\CA-Software\Open Source Projects\OpenBionics Hand\FingerLib\examples\build\sketch\MultipleFingers.ino.cpp.o
 .bss._TotalFingerCount
                0x2000087c        0x1 c:\CA-Software\Open Source Projects\OpenBionics Hand\FingerLib\examples\build\libraries\FingerLib\FingerLib.cpp.o
                0x2000087c                _TotalFingerCount
 .bss._posCtrlTimerInit
                0x2000087d        0x1 c:\CA-Software\Open Source Projects\OpenBionics Hand\FingerLib\examples\build\libraries\FingerLib\FingerLib.cpp.o
                0x2000087d                _posCtrlTimerInit
 *fill*         0x2000087e        0x2 
 .bss._ZL4AFMS  0x20000880       0x6c c:\CA-Software\Open Source Projects\OpenBionics Hand\FingerLib\examples\build\libraries\FingerLib\FingerLib.cpp.o
 .bss._TotalAttachedFingers
                0x200008ec        0x1 c:\CA-Software\Open Source Projects\OpenBionics Hand\FingerLib\examples\build\libraries\FingerLib\FingerLib.cpp.o
                0x200008ec                _TotalAttachedFingers
 *fill*         0x200008ed        0x3 
 .bss._ZZ22_fingerControlCallbackvE1i
                0x200008f0        0x4 c:\CA-Software\Open Source Projects\OpenBionics Hand\FingerLib\examples\build\libraries\FingerLib\FingerLib.cpp.o
 .bss.fingerISRList
                0x200008f4       0x18 c:\CA-Software\Open Source Projects\OpenBionics Hand\FingerLib\examples\build\libraries\FingerLib\FingerLib.cpp.o
                0x200008f4                fingerISRList
 .bss._ptr2CurrSnsFuncFlag
                0x2000090c        0x4 c:\CA-Software\Open Source Projects\OpenBionics Hand\FingerLib\examples\build\libraries\FingerLib\current_sense\samd_CurrentSense.cpp.o
                0x2000090c                _ptr2CurrSnsFuncFlag
 .bss._ZL4AFMS  0x20000910       0x6c c:\CA-Software\Open Source Projects\OpenBionics Hand\FingerLib\examples\build\libraries\FingerLib\current_sense\samd_CurrentSense.cpp.o
 .bss._ptr2CurrSnsFunc
                0x2000097c        0x4 c:\CA-Software\Open Source Projects\OpenBionics Hand\FingerLib\examples\build\libraries\FingerLib\current_sense\samd_CurrentSense.cpp.o
                0x2000097c                _ptr2CurrSnsFunc
 .bss._ZZ11TC4_HandlerE10timerCount
                0x20000980        0x4 c:\CA-Software\Open Source Projects\OpenBionics Hand\FingerLib\examples\build\libraries\FingerLib\timers\samd_FingerTimer.cpp.o
 .bss._ZZ11TC4_HandlerE9mSecCount
                0x20000984        0x4 c:\CA-Software\Open Source Projects\OpenBionics Hand\FingerLib\examples\build\libraries\FingerLib\timers\samd_FingerTimer.cpp.o
 .bss._ptr2PiggybackFunc
                0x20000988        0x4 c:\CA-Software\Open Source Projects\OpenBionics Hand\FingerLib\examples\build\libraries\FingerLib\timers\samd_FingerTimer.cpp.o
                0x20000988                _ptr2PiggybackFunc
 .bss._ZZ11TC4_HandlerE10motorCount
                0x2000098c        0x4 c:\CA-Software\Open Source Projects\OpenBionics Hand\FingerLib\examples\build\libraries\FingerLib\timers\samd_FingerTimer.cpp.o
 .bss._ptr2MotorFunc
                0x20000990        0x4 c:\CA-Software\Open Source Projects\OpenBionics Hand\FingerLib\examples\build\libraries\FingerLib\timers\samd_FingerTimer.cpp.o
                0x20000990                _ptr2MotorFunc
 .bss.Wire      0x20000994      0x234 c:\CA-Software\Open Source Projects\OpenBionics Hand\FingerLib\examples\build\libraries\Wire\Wire.cpp.o
                0x20000994                Wire
 .bss.Serial1   0x20000bc8      0x184 c:\CA-Software\Open Source Projects\OpenBionics Hand\FingerLib\examples\build\core\variant.cpp.o
                0x20000bc8                Serial1
 .bss.Serial5   0x20000d4c      0x184 c:\CA-Software\Open Source Projects\OpenBionics Hand\FingerLib\examples\build\core\variant.cpp.o
                0x20000d4c                Serial5
 .bss.sercom3   0x20000ed0        0x4 c:\CA-Software\Open Source Projects\OpenBionics Hand\FingerLib\examples\build\core\variant.cpp.o
                0x20000ed0                sercom3
 .bss.sercom0   0x20000ed4        0x4 c:\CA-Software\Open Source Projects\OpenBionics Hand\FingerLib\examples\build\core\variant.cpp.o
                0x20000ed4                sercom0
 .bss.sercom1   0x20000ed8        0x4 c:\CA-Software\Open Source Projects\OpenBionics Hand\FingerLib\examples\build\core\variant.cpp.o
                0x20000ed8                sercom1
 .bss.sercom2   0x20000edc        0x4 c:\CA-Software\Open Source Projects\OpenBionics Hand\FingerLib\examples\build\core\variant.cpp.o
                0x20000edc                sercom2
 .bss.sercom4   0x20000ee0        0x4 c:\CA-Software\Open Source Projects\OpenBionics Hand\FingerLib\examples\build\core\variant.cpp.o
                0x20000ee0                sercom4
 .bss.sercom5   0x20000ee4        0x4 c:\CA-Software\Open Source Projects\OpenBionics Hand\FingerLib\examples\build\core\variant.cpp.o
                0x20000ee4                sercom5
 .bss.Serial    0x20000ee8       0x1c c:\CA-Software\Open Source Projects\OpenBionics Hand\FingerLib\examples\build/core\core.a(CDC.cpp.o)
                0x20000ee8                Serial
 .bss._ZL14isEndpointHalt
                0x20000f04        0x1 c:\CA-Software\Open Source Projects\OpenBionics Hand\FingerLib\examples\build/core\core.a(USBCore.cpp.o)
 .bss._pack_buffer
                0x20000f05      0x100 c:\CA-Software\Open Source Projects\OpenBionics Hand\FingerLib\examples\build/core\core.a(USBCore.cpp.o)
                0x20000f05                _pack_buffer
 *fill*         0x20001005        0x1 
 .bss._pack_size
                0x20001006        0x2 c:\CA-Software\Open Source Projects\OpenBionics Hand\FingerLib\examples\build/core\core.a(USBCore.cpp.o)
                0x20001006                _pack_size
 .bss._ZL20LastTransmitTimedOut
                0x20001008        0x7 c:\CA-Software\Open Source Projects\OpenBionics Hand\FingerLib\examples\build/core\core.a(USBCore.cpp.o)
 *fill*         0x2000100f        0x1 
 .bss._ZL22udd_ep_in_cache_buffer
                0x20001010      0x1c0 c:\CA-Software\Open Source Projects\OpenBionics Hand\FingerLib\examples\build/core\core.a(USBCore.cpp.o)
 .bss._ZL10txLEDPulse